Information: Using automatic max wire load selection group 'predcaps'. (ENV-003)
Information: Using automatic min wire load selection group 'predcaps'. (ENV-003)
Warning: Some timing arcs have been disabled for breaking timing loops or because of constant propagation. Use the 'report_disable_timing' command to get the list of these disabled timing arcs. (PTE-003)
Information: Inferring 4 clock-gating checks. (PTE-017)
****************************************
Report : constraint
	-all_violators
	-path slack_only
Design : async_fifo
Version: O-2018.06-SP1
Date   : Fri Jan 28 02:47:48 2022
****************************************






1
****************************************
Report : analysis_coverage
Design : async_fifo
Version: O-2018.06-SP1
Date   : Fri Jan 28 02:47:48 2022
****************************************

Type of Check         Total              Met         Violated         Untested
--------------------------------------------------------------------------------
setup                   591       187 ( 32%)         0 (  0%)       404 ( 68%)
hold                    591       187 ( 32%)         0 (  0%)       404 ( 68%)
recovery                206         0 (  0%)         0 (  0%)       206 (100%)
removal                 206         0 (  0%)         0 (  0%)       206 (100%)
min_pulse_width         642       430 ( 67%)         0 (  0%)       212 ( 33%)
clock_gating_setup        4         1 ( 25%)         0 (  0%)         3 ( 75%)
clock_gating_hold         4         1 ( 25%)         0 (  0%)         3 ( 75%)
--------------------------------------------------------------------------------
All Checks             2244       806 ( 36%)         0 (  0%)      1438 ( 64%)

1
