Information: Propagating switching activity (low effort zero delay simulation). (PWR-6)
Warning: Design has unannotated primary inputs. (PWR-414)
Warning: Design has unannotated sequential cell outputs. (PWR-415)
 
****************************************
Report : power
        -analysis_effort low
Design : async_fifo
Version: O-2018.06-SP1
Date   : Mon Jan  3 19:37:44 2022
****************************************


Library(s) Used:

    cb13fs120_tsmc_max (File: /home/rfic/Desktop/adapted/async_fifo/libs/mw_lib/sc/LM/sc_max.db)


Operating Conditions: cb13fs120_tsmc_max   Library: cb13fs120_tsmc_max
Wire Load Model Mode: enclosed

Design        Wire Load Model            Library
------------------------------------------------
async_fifo             8000              cb13fs120_tsmc_max
sync_rst_1             ForQA             cb13fs120_tsmc_max
sync_SIZE4_1           ForQA             cb13fs120_tsmc_max
dpram_ASIZE4_DSIZE8    8000              cb13fs120_tsmc_max
sync_SIZE4_0           ForQA             cb13fs120_tsmc_max
sync_rst_0             ForQA             cb13fs120_tsmc_max


Global Operating Voltage = 1.08 
Power-specific unit information :
    Voltage Units = 1V
    Capacitance Units = 1.000000pf
    Time Units = 1ns
    Dynamic Power Units = 1mW    (derived from V,C,T units)
    Leakage Power Units = 1pW


  Cell Internal Power  =  56.5691 uW   (61%)
  Net Switching Power  =  35.5050 uW   (39%)
                         ---------
Total Dynamic Power    =  92.0741 uW  (100%)

Cell Leakage Power     =  11.6570 uW


                 Internal         Switching           Leakage            Total
Power Group      Power            Power               Power              Power   (   %    )  Attrs
--------------------------------------------------------------------------------------------------
io_pad             0.0000            0.0000            0.0000            0.0000  (   0.00%)
memory             0.0000            0.0000            0.0000            0.0000  (   0.00%)
black_box          0.0000            0.0000            0.0000            0.0000  (   0.00%)
clock_network      0.0000            0.0000            0.0000            0.0000  (   0.00%)
register       9.6657e-03        4.5870e-03        7.6961e+06        2.1949e-02  (  21.16%)
sequential         0.0000            0.0000            0.0000            0.0000  (   0.00%)
combinational  4.6903e-02        3.0918e-02        3.9610e+06        8.1782e-02  (  78.84%)
--------------------------------------------------------------------------------------------------
Total          5.6569e-02 mW     3.5505e-02 mW     1.1657e+07 pW         0.1037 mW
1
