 stf   NC   src_clk-src_clk_1
 str   NC   src_clk-src_clk_8
 str   NC   src_clk-src_clk_7
 str   NC   src_clk-src_clk_6
 stf   NC   src_clk-src_clk_10
 stf   NC   src_clk-src_clk_60
 stf   NC   src_clk-src_clk_37
 stf   NC   src_clk-src_clk_36
 stf   NC   src_clk-src_clk_35
 stf   NC   src_clk-src_clk_34
 stf   NC   src_clk-src_clk_33
 stf   NC   src_clk-src_clk_32
 stf   NC   src_clk-src_clk_31
 stf   NC   src_clk-src_clk_30
 stf   NC   src_clk-src_clk_29
 stf   NC   src_clk-src_clk_28
 stf   NC   src_clk-src_clk_27
 stf   NC   src_clk-src_clk_26
 stf   NC   src_clk-src_clk_25
 stf   NC   src_clk-src_clk_24
 stf   NC   src_clk-src_clk_23
 stf   NC   src_clk-src_clk_22
 stf   NC   src_clk-src_clk_21
 stf   NC   src_clk-src_clk_20
 stf   NC   src_clk-src_clk_19
 stf   NC   src_clk-src_clk_18
 stf   NC   src_clk-src_clk_17
 stf   NC   src_clk-src_clk_16
 stf   NC   src_clk-src_clk_15
 stf   NC   src_clk-src_clk_14
 stf   NC   src_clk-src_clk_13
 stf   NC   src_clk-src_clk_12
 stf   NC   src_clk-src_clk_11
 str   NC   dest_clk-dest_clk_4
