      Collapsed Stuck Fault Summary Report
 -----------------------------------------------
 fault class                     code   #faults
 ------------------------------  ----  ---------
 Detected                         DT       4603
   detected_by_simulation         DS      (2881)
   detected_by_implication        DI      (1722)
 Possibly detected                PT          0
 Undetectable                     UD         10
   undetectable-tied              UT         (2)
   undetectable-blocked           UB         (4)
   undetectable-redundant         UR         (4)
 ATPG untestable                  AU        244
   atpg_untestable-not_detected   AN       (244)
 Not detected                     ND          6
   not-observed                   NO         (6)
 -----------------------------------------------
 total faults                              4863
 test coverage                            94.85%
 fault coverage                           94.65%
 -----------------------------------------------
            Pattern Summary Report
 -----------------------------------------------
 #internal patterns                          73
     #basic_scan patterns                    69
     #fast_sequential patterns                2
          # 2-cycle patterns                  2
          # 1-load patterns                   2
     #full_sequential patterns                2
 -----------------------------------------------
