 Patn   Pattern          Cycle  Load   Observe  Clocks
 num    type             count  count  proc     used
 -----  ---------------  -----  -----  -------  -----------------------
 0      basic_scan        1/0   1      -        -
 1      basic_scan        1/1   1      -        wrst_n,rrst_n
 2      basic_scan        1/1   1      -        test_clk
 3      basic_scan        1/1   1      -        test_clk
 4      basic_scan        1/1   1      -        test_clk
 5      basic_scan        1/1   1      -        test_clk
 6      basic_scan        1/1   1      -        test_clk
 7      basic_scan        1/1   1      -        test_clk
 8      basic_scan        1/1   1      -        test_clk
 9      basic_scan        1/1   1      -        test_clk
 10     basic_scan        1/1   1      -        test_clk
 11     basic_scan        1/1   1      -        test_clk
 12     basic_scan        1/1   1      -        test_clk
 13     basic_scan        1/1   1      -        test_clk
 14     basic_scan        1/1   1      -        test_clk
 15     basic_scan        1/1   1      -        test_clk
 16     basic_scan        1/1   1      -        wrst_n,rrst_n
 17     basic_scan        1/1   1      -        test_clk
 18     basic_scan        1/1   1      -        test_clk
 19     basic_scan        1/1   1      -        test_clk
 20     basic_scan        1/1   1      -        test_clk
 21     basic_scan        1/1   1      -        test_clk
 22     basic_scan        1/1   1      -        test_clk
 23     basic_scan        1/1   1      -        test_clk
 24     basic_scan        1/1   1      -        test_clk
 25     basic_scan        1/1   1      -        test_clk
 26     basic_scan        1/1   1      -        test_clk
 27     basic_scan        1/1   1      -        test_clk
 28     basic_scan        1/1   1      -        test_clk
 29     basic_scan        1/1   1      -        test_clk
 30     basic_scan        1/1   1      -        test_clk
 31     basic_scan        1/1   1      -        test_clk
 32     basic_scan        1/1   1      -        wrst_n,rrst_n
 33     basic_scan        1/1   1      -        wrst_n,rrst_n
 34     basic_scan        1/1   1      -        test_clk
 35     basic_scan        1/1   1      -        test_clk
 36     basic_scan        1/1   1      -        test_clk
 37     basic_scan        1/1   1      -        test_clk
 38     basic_scan        1/1   1      -        test_clk
 39     basic_scan        1/1   1      -        test_clk
 40     basic_scan        1/1   1      -        test_clk
 41     basic_scan        1/1   1      -        test_clk
 42     basic_scan        1/1   1      -        test_clk
 43     basic_scan        1/1   1      -        test_clk
 44     basic_scan        1/1   1      -        test_clk
 45     basic_scan        1/1   1      -        test_clk
 46     basic_scan        1/1   1      -        test_clk
 47     basic_scan        1/1   1      -        test_clk
 48     basic_scan        1/1   1      -        test_clk
 49     basic_scan        1/1   1      -        test_clk
 50     basic_scan        1/1   1      -        test_clk
 51     basic_scan        1/1   1      -        test_clk
 52     basic_scan        1/1   1      -        test_clk
 53     basic_scan        1/1   1      -        test_clk
 54     basic_scan        1/1   1      -        wrst_n,rrst_n
 55     basic_scan        1/1   1      -        wrst_n,rrst_n
 56     basic_scan        1/1   1      -        test_clk
 57     basic_scan        1/1   1      -        test_clk
 58     basic_scan        1/1   1      -        test_clk
 59     basic_scan        1/1   1      -        test_clk
 60     basic_scan        1/1   1      -        test_clk
 61     basic_scan        1/1   1      -        test_clk
 62     basic_scan        1/1   1      -        test_clk
 63     basic_scan        1/1   1      -        test_clk
 64     basic_scan        1/1   1      -        test_clk
 65     basic_scan        1/1   1      -        test_clk
 66     basic_scan        1/1   1      -        test_clk
 67     basic_scan        1/1   1      -        test_clk
 68     basic_scan        1/1   1      -        test_clk
 69     basic_scan        1/1   1      -        test_clk
 70     basic_scan        1/1   1      -        test_clk
 71     fast_sequential   2/0   1      -        -
