 The max tmgn for small delay defect faults has been set to 2.2098
 ------------------------------------------------------------------------------
 Histogram of Collapsed Fault Distribution
              tmgn
        values     #faults
 -----------------------
   0.1400 -   0.3470: 151     
   0.3470 -   0.5540: 97      
   0.5540 -   0.7609: 72      
   0.7609 -   0.9679: 67      
   0.9679 -   1.1749: 418     
   1.1749 -   1.3819: 273     
   1.3819 -   1.5889: 20      
   1.5889 -   1.7958: 60      
   1.7958 -   2.0028: 101     
   2.0028 -   2.2098: 31      
        >   2.2098: 1068    
        Infinite: 2262    
       Undefined: 0       
 --------------------------------------------------------------------------
 Cumulative Distribution of tmgn
           tmgn
       values   #faults
 -----------------------
       0.3470: 151     
       0.5540: 248     
       0.7609: 320     
       0.9679: 387     
       1.1749: 805     
       1.3819: 1078    
       1.5889: 1098    
       1.7958: 1158    
       2.0028: 1259    
       2.2098: 1290    
        < inf: 2358    
     Infinite: 2262    
    Undefined: 0       
 --------------------------------------------------------------------------
 The max tmgn for small delay defect faults has been set to 2.2098
 ------------------------------------------------------------------------------
 Histogram of Collapsed Fault Distribution
              tdet
        values     #faults
 -----------------------
   0.1400 -   0.3470: 64      
   0.3470 -   0.5540: 98      
   0.5540 -   0.7609: 60      
   0.7609 -   0.9679: 74      
   0.9679 -   1.1749: 288     
   1.1749 -   1.3819: 237     
   1.3819 -   1.5889: 11      
   1.5889 -   1.7958: 20      
   1.7958 -   2.0028: 3       
   2.0028 -   2.2098: 12      
        >   2.2098: 754     
        Infinite: 0       
       Undefined: 2999    
 --------------------------------------------------------------------------
 Cumulative Distribution of tdet
           tdet
       values   #faults
 -----------------------
       0.3470: 64      
       0.5540: 162     
       0.7609: 222     
       0.9679: 296     
       1.1749: 584     
       1.3819: 821     
       1.5889: 832     
       1.7958: 852     
       2.0028: 855     
       2.2098: 867     
        < inf: 1621    
     Infinite: 0       
    Undefined: 2999    
 --------------------------------------------------------------------------
 The max tmgn for small delay defect faults has been set to 2.2098
 ------------------------------------------------------------------------------
 Histogram of Collapsed Fault Distribution
              delta
        values     #faults
 -----------------------
   0.0000 -   0.2230: 1305    
   0.2230 -   0.4460: 105     
   0.4460 -   0.6690: 41      
   0.6690 -   0.8920: 32      
   0.8920 -   1.1150: 32      
   1.1150 -   1.3380: 42      
   1.3380 -   1.5610: 55      
   1.5610 -   1.7840: 7       
   1.7840 -   2.0070: 1       
   2.0070 -   2.2300: 0       
        >   2.2300: 1       
        Infinite: 0       
       Undefined: 2999    
 --------------------------------------------------------------------------
 Cumulative Distribution of delta
           delta
       values   #faults
 -----------------------
       0.2230: 1305    
       0.4460: 1410    
       0.6690: 1451    
       0.8920: 1483    
       1.1150: 1515    
       1.3380: 1557    
       1.5610: 1612    
       1.7840: 1619    
       2.0070: 1620    
       2.2300: 1620    
        < inf: 1621    
     Infinite: 0       
    Undefined: 2999    
 --------------------------------------------------------------------------
