      Collapsed Stuck Fault Summary Report
 -----------------------------------------------
 fault class                     code   #faults
 ------------------------------  ----  ---------
 Detected                         DT       4416
   detected_by_simulation         DS      (2796)
   detected_by_implication        DI      (1620)
 Possibly detected                PT          0
 Undetectable                     UD         17
   undetectable-tied              UT         (9)
   undetectable-blocked           UB         (4)
   undetectable-redundant         UR         (4)
 ATPG untestable                  AU        774
   atpg_untestable-not_detected   AN       (774)
 Not detected                     ND          2
   not-controlled                 NC         (2)
 -----------------------------------------------
 total faults                              5209
 test coverage                            85.05%
 fault coverage                           84.78%
 -----------------------------------------------
            Pattern Summary Report
 -----------------------------------------------
 #internal patterns                          50
     #basic_scan patterns                    49
     #fast_sequential patterns                1
          # 2-cycle patterns                  1
          # 1-load patterns                   1
 -----------------------------------------------
