 stf   NO   U265/A1                  Inf 
 stf   NO   U266/A1                  Inf 
 str   NO   U264/Z                     6.1800 
 str   NO   U264/A2                    6.1800 
 stf   NO   U264/A3                  Inf 
 str   NO   U264/A3                  Inf 
 str   NO   U114/A1                    5.5500 
 str   NO   fifo_mem/U267/I1           2.2200 
 stf   NO   fifo_mem/U258/I1           2.2600 
 str   NO   fifo_mem/U253/I0         Inf 
 str   NO   fifo_mem/U245/Z            1.1700 
 str   NO   fifo_mem/U244/I0         Inf 
 str   NO   fifo_mem/U243/Z            1.1700 
 str   NO   fifo_mem/U243/I0         Inf 
 str   NO   fifo_mem/U242/Z            1.1700 
 stf   NO   fifo_mem/U241/Z            1.2300 
 str   NO   fifo_mem/U239/Z            1.1700 
 stf   NO   fifo_mem/U218/I1           2.2600 
 stf   NO   fifo_mem/U216/I1           2.2600 
 stf   NO   fifo_mem/U216/I0         Inf 
 str   NO   fifo_mem/U215/I1           2.2100 
 str   NO   fifo_mem/U215/S            1.1700 
 stf   NO   fifo_mem/U214/I1           2.2600 
 str   NO   fifo_mem/U214/I1           2.2100 
 str   NO   fifo_mem/U214/I0         Inf 
 str   NO   fifo_mem/U213/I1           2.2100 
 str   NO   fifo_mem/U212/I1           2.2100 
 str   NO   fifo_mem/U212/S            1.1700 
 str   NO   fifo_mem/U209/I1           2.2200 
 str   NO   fifo_mem/U205/I1           2.2100 
 stf   NO   fifo_mem/U203/Z            1.1000 
 stf   NO   fifo_mem/U195/I1           2.2600 
 stf   NO   fifo_mem/U195/I0         Inf 
 stf   NO   fifo_mem/U195/Z            1.1900 
 str   NO   fifo_mem/U194/Z            1.1300 
 stf   NO   fifo_mem/U194/I1           2.2600 
 str   NO   fifo_mem/U194/I0         Inf 
 str   NO   fifo_mem/U185/I1           2.2100 
 str   NO   fifo_mem/U181/I1           2.2200 
 stf   NO   fifo_mem/U180/I1           2.2600 
 stf   NO   fifo_mem/U179/I1           2.2600 
 str   NO   fifo_mem/U178/I0         Inf 
 str   NO   fifo_mem/U177/Z            1.0300 
 stf   NO   fifo_mem/U177/S            1.0300 
 stf   NO   fifo_mem/U177/Z            1.0900 
 str   NO   fifo_mem/U176/Z            1.0300 
 str   NO   fifo_mem/U176/I1           2.2200 
 str   NO   fifo_mem/U173/I1           2.2200 
 stf   NO   fifo_mem/U173/I0         Inf 
 str   NO   fifo_mem/U172/I1           2.2100 
 str   NO   fifo_mem/U171/I0         Inf 
 str   NO   fifo_mem/U170/I0         Inf 
 str   NO   fifo_mem/U158/I1           2.2100 
 stf   NO   fifo_mem/U150/I1           2.2600 
 stf   NO   fifo_mem/U150/I0         Inf 
 str   NO   fifo_mem/U149/Z            1.1300 
 str   NO   fifo_mem/U144/Z            1.0300 
 stf   NO   fifo_mem/U131/I1           2.2600 
 stf   NO   fifo_mem/U2/A3             1.1800 
 str   NO   fifo_mem/U2/A3             1.1600 
 str   NO   fifo_mem/U3/A3             1.1600 
 str   NO   fifo_mem/U5/A2             1.2100 
 stf   NO   fifo_mem/U6/A2             1.1700 
 str   NO   fifo_mem/U6/A3             1.1600 
 str   NO   fifo_mem/U11/A2            1.0300 
 stf   NO   fifo_mem/mem_reg_11__7_/D Inf 
 stf   NO   fifo_mem/mem_reg_10__7_/ENN   1.1100 
 str   NO   fifo_mem/mem_reg_6__7_/ENN   1.4300 
 str   NO   fifo_mem/mem_reg_6__7_/D Inf 
 str   NO   U113/A2                    0.4500 
