 Warning: Undriven module output pin ( async_fifo_DFT_decode_width8_1_0/B[15] ). (B7-1)
 Warning: Undriven module output pin ( async_fifo_DFT_decode_width8_1_0/B[14] ). (B7-2)
 Warning: Undriven module output pin ( async_fifo_DFT_decode_width8_1_0/B[13] ). (B7-3)
 Warning: Undriven module output pin ( async_fifo_DFT_decode_width8_1_0/B[12] ). (B7-4)
 Warning: Undriven module output pin ( async_fifo_DFT_decode_width8_1_0/B[11] ). (B7-5)
 Warning: Undriven module output pin ( async_fifo_DFT_decode_width8_1_0/B[10] ). (B7-6)
 Warning: Undriven module output pin ( async_fifo_DFT_decode_width8_1_0/B[9] ). (B7-7)
 Warning: Undriven module output pin ( async_fifo_DFT_decode_width8_1_0/B[0] ). (B7-8)
 Warning: Undriven module output pin ( async_fifo_DFT_decode_width8_0_0/B[15] ). (B7-9)
 Warning: Undriven module output pin ( async_fifo_DFT_decode_width8_0_0/B[14] ). (B7-10)
 Warning: Undriven module output pin ( async_fifo_DFT_decode_width8_0_0/B[13] ). (B7-11)
 Warning: Undriven module output pin ( async_fifo_DFT_decode_width8_0_0/B[12] ). (B7-12)
 Warning: Undriven module output pin ( async_fifo_DFT_decode_width8_0_0/B[11] ). (B7-13)
 Warning: Undriven module output pin ( async_fifo_DFT_decode_width8_0_0/B[10] ). (B7-14)
 Warning: Undriven module output pin ( async_fifo_DFT_decode_width8_0_0/B[9] ). (B7-15)
 Warning: Undriven module output pin ( async_fifo_DFT_decode_width8_0_0/B[0] ). (B7-16)
 Warning: Unconnected module input pin ( U_FD_P_RB_NO/NOTIFIER_REG ). (B8-1)
 Warning: Unconnected module input pin ( U_LD_P_RB_NO/NOTI_REG ). (B8-2)
 Warning: Unconnected module input pin ( s_denrq2/notifier ). (B8-3)
 Warning: Unconnected module input pin ( s_deprq1/notifier ). (B8-4)
 Warning: Unconnected module input pin ( s_denrq1/notifier ). (B8-5)
 Warning: Unconnected module input pin ( U_LD_N_NO/NOTI_REG ). (B8-6)
 Warning: Unconnected module input pin ( s_dfcrn1/notifier ). (B8-7)
 Warning: Unconnected module input pin ( s_secrq1/notifier ). (B8-8)
 Warning: Unconnected module input pin ( U_LD_P_NO/NOTI_REG ). (B8-9)
 Warning: Unconnected module input pin ( U_FD_P_SB_NO/NOTIFIER_REG ). (B8-10)
 Warning: Undriven module internal net ( sdcrq1/notifier ). (B9-1)
 Warning: Undriven module internal net ( laclq1/notifier ). (B9-2)
 Warning: Undriven module internal net ( sdcrq2/notifier ). (B9-3)
 Warning: Undriven module internal net ( denrq2/notifier ). (B9-4)
 Warning: Undriven module internal net ( deprq1/notifier ). (B9-5)
 Warning: Undriven module internal net ( denrq1/notifier ). (B9-6)
 Warning: Undriven module internal net ( lanlq1/notifier ). (B9-7)
 Warning: Undriven module internal net ( dfcrn1/notifier ). (B9-8)
 Warning: Undriven module internal net ( dfcrq1/notifier ). (B9-9)
 Warning: Undriven module internal net ( secrq1/notifier ). (B9-10)
 Warning: Undriven module internal net ( lanhq1/notifier ). (B9-11)
 Warning: Undriven module internal net ( sdprb1/notifier ). (B9-12)
 Warning: Unconnected module internal net ( sdcrq1/vcond1 ). (B10-1)
 Warning: Unconnected module internal net ( sdcrq1/vcond2 ). (B10-2)
 Warning: Unconnected module internal net ( sdcrq2/vcond1 ). (B10-3)
 Warning: Unconnected module internal net ( sdcrq2/vcond2 ). (B10-4)
 Warning: Unconnected module internal net ( denrq2/CP_buf ). (B10-5)
 Warning: Unconnected module internal net ( denrq2/BOOL_OUT ). (B10-6)
 Warning: Unconnected module internal net ( deprq1/CP_buf ). (B10-7)
 Warning: Unconnected module internal net ( deprq1/BOOL_OUT ). (B10-8)
 Warning: Unconnected module internal net ( deprq1/vcond1 ). (B10-9)
 Warning: Unconnected module internal net ( denrq1/CP_buf ). (B10-10)
 Warning: Unconnected module internal net ( denrq1/BOOL_OUT ). (B10-11)
 Warning: Unconnected module internal net ( async_fifo_DFT_clk_control_1_0/SYNOPSYS_UNCONNECTED_1 ). (B10-12)
 Warning: Unconnected module internal net ( async_fifo_DFT_clk_control_1_0/SYNOPSYS_UNCONNECTED_2 ). (B10-13)
 Warning: Unconnected module internal net ( async_fifo_DFT_clk_control_1_0/SYNOPSYS_UNCONNECTED_3 ). (B10-14)
 Warning: Unconnected module internal net ( async_fifo_DFT_clk_control_1_0/SYNOPSYS_UNCONNECTED_4 ). (B10-15)
 Warning: Unconnected module internal net ( async_fifo_DFT_clk_control_1_0/SYNOPSYS_UNCONNECTED_5 ). (B10-16)
 Warning: Unconnected module internal net ( async_fifo_DFT_clk_control_1_0/SYNOPSYS_UNCONNECTED_6 ). (B10-17)
 Warning: Unconnected module internal net ( async_fifo_DFT_clk_control_1_0/SYNOPSYS_UNCONNECTED_7 ). (B10-18)
 Warning: Unconnected module internal net ( async_fifo_DFT_clk_control_1_0/SYNOPSYS_UNCONNECTED_8 ). (B10-19)
 Warning: Unconnected module internal net ( async_fifo_DFT_clk_control_0_0/SYNOPSYS_UNCONNECTED_1 ). (B10-20)
 Warning: Unconnected module internal net ( async_fifo_DFT_clk_control_0_0/SYNOPSYS_UNCONNECTED_2 ). (B10-21)
 Warning: Unconnected module internal net ( async_fifo_DFT_clk_control_0_0/SYNOPSYS_UNCONNECTED_3 ). (B10-22)
 Warning: Unconnected module internal net ( async_fifo_DFT_clk_control_0_0/SYNOPSYS_UNCONNECTED_4 ). (B10-23)
 Warning: Unconnected module internal net ( async_fifo_DFT_clk_control_0_0/SYNOPSYS_UNCONNECTED_5 ). (B10-24)
 Warning: Unconnected module internal net ( async_fifo_DFT_clk_control_0_0/SYNOPSYS_UNCONNECTED_6 ). (B10-25)
 Warning: Unconnected module internal net ( async_fifo_DFT_clk_control_0_0/SYNOPSYS_UNCONNECTED_7 ). (B10-26)
 Warning: Unconnected module internal net ( async_fifo_DFT_clk_control_0_0/SYNOPSYS_UNCONNECTED_8 ). (B10-27)
 Warning: Unconnected module internal net ( secrq1/vcond1 ). (B10-28)
 Warning: Unconnected module internal net ( secrq1/vcond_CDN_vio ). (B10-29)
 Warning: Unconnected module internal net ( secrq1/vcond_ENN_vio ). (B10-30)
 Warning: Unconnected module internal net ( secrq1/vcond_D_vio ). (B10-31)
 Warning: Unconnected module internal net ( secrq1/vcond2 ). (B10-32)
 Warning: Unconnected module internal net ( sdprb1/vcond1 ). (B10-33)
 Warning: Unconnected module internal net ( sdprb1/vcond2 ). (B10-34)
 Warning: Nonscan DFF occ_wclk/U_clk_control_i_0/slow_clk_enable_l_reg (1550) disturbed during time 45 of load_unload procedure. (S19-1)
 Warning: Nonscan DFF occ_rclk/U_clk_control_i_0/slow_clk_enable_l_reg (1569) disturbed during time 45 of load_unload procedure. (S19-2)
 Warning: Nonscan DFF occ_wclk/U_clk_control_i_0/pipeline_or_tree_l_reg (1548) disturbed during time 45 of shift procedure. (S19-3)
 Warning: Nonscan DFF occ_wclk/U_clk_control_i_0/fast_clk_enable_l_reg (1549) disturbed during time 45 of shift procedure. (S19-4)
 Warning: Nonscan DFF occ_wclk/U_clk_control_i_0/load_n_meta_0_l_reg (1551) disturbed during time 45 of shift procedure. (S19-5)
 Warning: Nonscan DFF occ_wclk/U_clk_control_i_0/load_n_meta_1_l_reg (1552) disturbed during time 45 of shift procedure. (S19-6)
 Warning: Nonscan DFF occ_wclk/U_clk_control_i_0/load_n_meta_2_l_reg (1553) disturbed during time 45 of shift procedure. (S19-7)
 Warning: Nonscan DFF occ_wclk/U_clk_control_i_0/U_cycle_ctr_i/count_int_reg_0_ (1554) disturbed during time 45 of shift procedure. (S19-8)
 Warning: Nonscan DFF occ_wclk/U_clk_control_i_0/U_cycle_ctr_i/count_int_reg_1_ (1555) disturbed during time 45 of shift procedure. (S19-9)
 Warning: Nonscan DFF occ_wclk/U_clk_control_i_0/U_cycle_ctr_i/count_int_reg_2_ (1556) disturbed during time 45 of shift procedure. (S19-10)
 Warning: Nonscan DFF occ_wclk/U_clk_control_i_0/U_cycle_ctr_i/count_int_reg_3_ (1557) disturbed during time 45 of shift procedure. (S19-11)
 Warning: Nonscan DFF occ_wclk/U_clk_control_i_0/U_cycle_ctr_i/tercnt_n_reg_reg (1558) disturbed during time 45 of shift procedure. (S19-12)
 Warning: Nonscan DFF occ_rclk/U_clk_control_i_0/pipeline_or_tree_l_reg (1567) disturbed during time 45 of shift procedure. (S19-13)
 Warning: Nonscan DFF occ_rclk/U_clk_control_i_0/fast_clk_enable_l_reg (1568) disturbed during time 45 of shift procedure. (S19-14)
 Warning: Nonscan DFF occ_rclk/U_clk_control_i_0/load_n_meta_0_l_reg (1570) disturbed during time 45 of shift procedure. (S19-15)
 Warning: Nonscan DFF occ_rclk/U_clk_control_i_0/load_n_meta_1_l_reg (1571) disturbed during time 45 of shift procedure. (S19-16)
 Warning: Nonscan DFF occ_rclk/U_clk_control_i_0/load_n_meta_2_l_reg (1572) disturbed during time 45 of shift procedure. (S19-17)
 Warning: Nonscan DFF occ_rclk/U_clk_control_i_0/U_cycle_ctr_i/count_int_reg_0_ (1573) disturbed during time 45 of shift procedure. (S19-18)
 Warning: Nonscan DFF occ_rclk/U_clk_control_i_0/U_cycle_ctr_i/count_int_reg_1_ (1574) disturbed during time 45 of shift procedure. (S19-19)
 Warning: Nonscan DFF occ_rclk/U_clk_control_i_0/U_cycle_ctr_i/count_int_reg_2_ (1575) disturbed during time 45 of shift procedure. (S19-20)
 Warning: Nonscan DFF occ_rclk/U_clk_control_i_0/U_cycle_ctr_i/count_int_reg_3_ (1576) disturbed during time 45 of shift procedure. (S19-21)
 Warning: Nonscan DFF occ_rclk/U_clk_control_i_0/U_cycle_ctr_i/tercnt_n_reg_reg (1577) disturbed during time 45 of shift procedure. (S19-22)
 Warning: Multiple clocks (ate_wclk ate_rclk) were used to shift scan chain 1. (S22-1)
 Warning: Dependent slave snps_clk_chain_0/U_shftreg_0_ff_7_q_reg (1566) may not hold same value as master LOCKUP (1368). (S29-1)
 Warning: Clock input 2 of nonscan DFF occ_wclk/U_clk_control_i_0/pipeline_or_tree_l_reg (1548) cannot capture data. (C16-1)
 Warning: Clock input 2 of nonscan DFF occ_wclk/U_clk_control_i_0/fast_clk_enable_l_reg (1549) cannot capture data. (C16-2)
 Warning: Clock input 2 of nonscan DFF occ_wclk/U_clk_control_i_0/slow_clk_enable_l_reg (1550) cannot capture data. (C16-3)
 Warning: Clock input 2 of nonscan DFF occ_wclk/U_clk_control_i_0/load_n_meta_0_l_reg (1551) cannot capture data. (C16-4)
 Warning: Clock input 2 of nonscan DFF occ_wclk/U_clk_control_i_0/load_n_meta_1_l_reg (1552) cannot capture data. (C16-5)
 Warning: Clock input 2 of nonscan DFF occ_wclk/U_clk_control_i_0/load_n_meta_2_l_reg (1553) cannot capture data. (C16-6)
 Warning: Clock input 2 of nonscan DFF occ_wclk/U_clk_control_i_0/U_cycle_ctr_i/count_int_reg_0_ (1554) cannot capture data. (C16-7)
 Warning: Clock input 2 of nonscan DFF occ_wclk/U_clk_control_i_0/U_cycle_ctr_i/count_int_reg_1_ (1555) cannot capture data. (C16-8)
 Warning: Clock input 2 of nonscan DFF occ_wclk/U_clk_control_i_0/U_cycle_ctr_i/count_int_reg_2_ (1556) cannot capture data. (C16-9)
 Warning: Clock input 2 of nonscan DFF occ_wclk/U_clk_control_i_0/U_cycle_ctr_i/count_int_reg_3_ (1557) cannot capture data. (C16-10)
 Warning: Clock input 2 of nonscan DFF occ_wclk/U_clk_control_i_0/U_cycle_ctr_i/tercnt_n_reg_reg (1558) cannot capture data. (C16-11)
 Warning: Clock input 2 of nonscan DFF occ_rclk/U_clk_control_i_0/pipeline_or_tree_l_reg (1567) cannot capture data. (C16-12)
 Warning: Clock input 2 of nonscan DFF occ_rclk/U_clk_control_i_0/fast_clk_enable_l_reg (1568) cannot capture data. (C16-13)
 Warning: Clock input 2 of nonscan DFF occ_rclk/U_clk_control_i_0/slow_clk_enable_l_reg (1569) cannot capture data. (C16-14)
 Warning: Clock input 2 of nonscan DFF occ_rclk/U_clk_control_i_0/load_n_meta_0_l_reg (1570) cannot capture data. (C16-15)
 Warning: Clock input 2 of nonscan DFF occ_rclk/U_clk_control_i_0/load_n_meta_1_l_reg (1571) cannot capture data. (C16-16)
 Warning: Clock input 2 of nonscan DFF occ_rclk/U_clk_control_i_0/load_n_meta_2_l_reg (1572) cannot capture data. (C16-17)
 Warning: Clock input 2 of nonscan DFF occ_rclk/U_clk_control_i_0/U_cycle_ctr_i/count_int_reg_0_ (1573) cannot capture data. (C16-18)
 Warning: Clock input 2 of nonscan DFF occ_rclk/U_clk_control_i_0/U_cycle_ctr_i/count_int_reg_1_ (1574) cannot capture data. (C16-19)
 Warning: Clock input 2 of nonscan DFF occ_rclk/U_clk_control_i_0/U_cycle_ctr_i/count_int_reg_2_ (1575) cannot capture data. (C16-20)
 Warning: Clock input 2 of nonscan DFF occ_rclk/U_clk_control_i_0/U_cycle_ctr_i/count_int_reg_3_ (1576) cannot capture data. (C16-21)
 Warning: Clock input 2 of nonscan DFF occ_rclk/U_clk_control_i_0/U_cycle_ctr_i/tercnt_n_reg_reg (1577) cannot capture data. (C16-22)
 Warning: Capture time (100ns) for path src_clk-src_clk_1 occurred 97ns later than path cycle time. (P8-1)
 Warning: Capture time (100ns) for path src_clk-src_clk_2 occurred 97ns later than path cycle time. (P8-2)
 Warning: Capture time (90ns) for path src_clk-src_clk_3 occurred 88ns later than path cycle time. (P8-3)
 Warning: Capture time (100ns) for path src_clk-src_clk_4 occurred 97ns later than path cycle time. (P8-4)
 Warning: Capture time (100ns) for path src_clk-src_clk_5 occurred 97ns later than path cycle time. (P8-5)
 Warning: Capture time (100ns) for path src_clk-src_clk_6 occurred 97ns later than path cycle time. (P8-6)
 Warning: Capture time (100ns) for path src_clk-src_clk_7 occurred 97ns later than path cycle time. (P8-7)
 Warning: Capture time (100ns) for path src_clk-src_clk_8 occurred 97ns later than path cycle time. (P8-8)
 Warning: Capture time (100ns) for path src_clk-src_clk_9 occurred 97ns later than path cycle time. (P8-9)
 Warning: Capture time (100ns) for path src_clk-src_clk_10 occurred 97ns later than path cycle time. (P8-10)
 Warning: Capture time (100ns) for path src_clk-src_clk_11 occurred 97ns later than path cycle time. (P8-11)
 Warning: Capture time (100ns) for path src_clk-src_clk_12 occurred 97ns later than path cycle time. (P8-12)
 Warning: Capture time (100ns) for path src_clk-src_clk_13 occurred 97ns later than path cycle time. (P8-13)
 Warning: Capture time (100ns) for path src_clk-src_clk_14 occurred 97ns later than path cycle time. (P8-14)
 Warning: Capture time (100ns) for path src_clk-src_clk_15 occurred 97ns later than path cycle time. (P8-15)
 Warning: Capture time (100ns) for path src_clk-src_clk_16 occurred 97ns later than path cycle time. (P8-16)
 Warning: Capture time (100ns) for path src_clk-src_clk_17 occurred 97ns later than path cycle time. (P8-17)
 Warning: Capture time (100ns) for path src_clk-src_clk_18 occurred 97ns later than path cycle time. (P8-18)
 Warning: Capture time (100ns) for path src_clk-src_clk_19 occurred 97ns later than path cycle time. (P8-19)
 Warning: Capture time (100ns) for path src_clk-src_clk_20 occurred 97ns later than path cycle time. (P8-20)
 Warning: Capture time (100ns) for path src_clk-src_clk_21 occurred 97ns later than path cycle time. (P8-21)
 Warning: Capture time (100ns) for path src_clk-src_clk_22 occurred 97ns later than path cycle time. (P8-22)
 Warning: Capture time (100ns) for path src_clk-src_clk_23 occurred 97ns later than path cycle time. (P8-23)
 Warning: Capture time (100ns) for path src_clk-src_clk_24 occurred 97ns later than path cycle time. (P8-24)
 Warning: Capture time (100ns) for path src_clk-src_clk_25 occurred 97ns later than path cycle time. (P8-25)
 Warning: Capture time (100ns) for path src_clk-src_clk_26 occurred 97ns later than path cycle time. (P8-26)
 Warning: Capture time (100ns) for path src_clk-src_clk_27 occurred 97ns later than path cycle time. (P8-27)
 Warning: Capture time (100ns) for path src_clk-src_clk_28 occurred 97ns later than path cycle time. (P8-28)
 Warning: Capture time (100ns) for path src_clk-src_clk_29 occurred 97ns later than path cycle time. (P8-29)
 Warning: Capture time (100ns) for path src_clk-src_clk_30 occurred 97ns later than path cycle time. (P8-30)
 Warning: Capture time (100ns) for path src_clk-src_clk_31 occurred 97ns later than path cycle time. (P8-31)
 Warning: Capture time (100ns) for path src_clk-src_clk_32 occurred 97ns later than path cycle time. (P8-32)
 Warning: Capture time (100ns) for path src_clk-src_clk_33 occurred 97ns later than path cycle time. (P8-33)
 Warning: Capture time (100ns) for path src_clk-src_clk_34 occurred 97ns later than path cycle time. (P8-34)
 Warning: Capture time (100ns) for path src_clk-src_clk_35 occurred 97ns later than path cycle time. (P8-35)
 Warning: Capture time (100ns) for path src_clk-src_clk_36 occurred 97ns later than path cycle time. (P8-36)
 Warning: Capture time (100ns) for path src_clk-src_clk_37 occurred 97ns later than path cycle time. (P8-37)
 Warning: Capture time (100ns) for path src_clk-src_clk_38 occurred 97ns later than path cycle time. (P8-38)
 Warning: Capture time (100ns) for path src_clk-src_clk_39 occurred 97ns later than path cycle time. (P8-39)
 Warning: Capture time (100ns) for path src_clk-src_clk_40 occurred 97ns later than path cycle time. (P8-40)
 Warning: Capture time (100ns) for path src_clk-src_clk_41 occurred 97ns later than path cycle time. (P8-41)
 Warning: Capture time (100ns) for path src_clk-src_clk_42 occurred 97ns later than path cycle time. (P8-42)
 Warning: Capture time (100ns) for path src_clk-src_clk_43 occurred 97ns later than path cycle time. (P8-43)
 Warning: Capture time (100ns) for path src_clk-src_clk_44 occurred 97ns later than path cycle time. (P8-44)
 Warning: Capture time (100ns) for path src_clk-src_clk_45 occurred 97ns later than path cycle time. (P8-45)
 Warning: Capture time (100ns) for path src_clk-src_clk_46 occurred 97ns later than path cycle time. (P8-46)
 Warning: Capture time (100ns) for path src_clk-src_clk_47 occurred 97ns later than path cycle time. (P8-47)
 Warning: Capture time (100ns) for path src_clk-src_clk_48 occurred 97ns later than path cycle time. (P8-48)
 Warning: Capture time (100ns) for path src_clk-src_clk_49 occurred 97ns later than path cycle time. (P8-49)
 Warning: Capture time (100ns) for path src_clk-src_clk_50 occurred 97ns later than path cycle time. (P8-50)
 Warning: Capture time (100ns) for path src_clk-src_clk_51 occurred 97ns later than path cycle time. (P8-51)
 Warning: Capture time (100ns) for path src_clk-src_clk_52 occurred 97ns later than path cycle time. (P8-52)
 Warning: Capture time (100ns) for path src_clk-src_clk_53 occurred 97ns later than path cycle time. (P8-53)
 Warning: Capture time (100ns) for path src_clk-src_clk_54 occurred 97ns later than path cycle time. (P8-54)
 Warning: Capture time (100ns) for path src_clk-src_clk_55 occurred 97ns later than path cycle time. (P8-55)
 Warning: Capture time (100ns) for path src_clk-src_clk_56 occurred 97ns later than path cycle time. (P8-56)
 Warning: Capture time (100ns) for path src_clk-src_clk_57 occurred 97ns later than path cycle time. (P8-57)
 Warning: Capture time (100ns) for path src_clk-src_clk_58 occurred 97ns later than path cycle time. (P8-58)
 Warning: Capture time (100ns) for path src_clk-src_clk_59 occurred 97ns later than path cycle time. (P8-59)
 Warning: Capture time (100ns) for path src_clk-src_clk_60 occurred 97ns later than path cycle time. (P8-60)
 Warning: Capture time (90ns) for path dest_clk-dest_clk_1 occurred 86ns later than path cycle time. (P8-61)
 Warning: Capture time (100ns) for path dest_clk-dest_clk_2 occurred 93ns later than path cycle time. (P8-62)
 Warning: Capture time (90ns) for path dest_clk-dest_clk_3 occurred 83ns later than path cycle time. (P8-63)
 Warning: Capture time (100ns) for path dest_clk-dest_clk_4 occurred 93ns later than path cycle time. (P8-64)
 Warning: Capture time (100ns) for path dest_clk-dest_clk_5 occurred 93ns later than path cycle time. (P8-65)
 Warning: Capture time (100ns) for path dest_clk-dest_clk_6 occurred 93ns later than path cycle time. (P8-66)
 Warning: Capture time (100ns) for path dest_clk-dest_clk_7 occurred 93ns later than path cycle time. (P8-67)
 Warning: Capture time (100ns) for path dest_clk-dest_clk_8 occurred 93ns later than path cycle time. (P8-68)
 Warning: Capture time (100ns) for path dest_clk-dest_clk_9 occurred 93ns later than path cycle time. (P8-69)
 Warning: Capture time (100ns) for path dest_clk-dest_clk_10 occurred 93ns later than path cycle time. (P8-70)
 Warning: Capture time (100ns) for path dest_clk-dest_clk_11 occurred 93ns later than path cycle time. (P8-71)
 Warning: Capture time (100ns) for path dest_clk-dest_clk_12 occurred 93ns later than path cycle time. (P8-72)
 Warning: Capture time (100ns) for path dest_clk-dest_clk_13 occurred 93ns later than path cycle time. (P8-73)
 Warning: Capture time (100ns) for path dest_clk-dest_clk_14 occurred 93ns later than path cycle time. (P8-74)
 Warning: Capture time (100ns) for path dest_clk-dest_clk_15 occurred 93ns later than path cycle time. (P8-75)
 Warning: Capture time (100ns) for path dest_clk-dest_clk_16 occurred 93ns later than path cycle time. (P8-76)
 Warning: Capture time (100ns) for path dest_clk-dest_clk_17 occurred 93ns later than path cycle time. (P8-77)
 Warning: Capture time (100ns) for path dest_clk-dest_clk_18 occurred 93ns later than path cycle time. (P8-78)
 Warning: Capture time (100ns) for path dest_clk-dest_clk_19 occurred 93ns later than path cycle time. (P8-79)
 Warning: Capture time (100ns) for path dest_clk-dest_clk_20 occurred 93ns later than path cycle time. (P8-80)
 Warning: Capture time (100ns) for path dest_clk-dest_clk_21 occurred 93ns later than path cycle time. (P8-81)
 Warning: Capture time (100ns) for path dest_clk-dest_clk_22 occurred 93ns later than path cycle time. (P8-82)
 Warning: Capture time (100ns) for path dest_clk-dest_clk_23 occurred 93ns later than path cycle time. (P8-83)
 Warning: Capture time (100ns) for path dest_clk-dest_clk_24 occurred 93ns later than path cycle time. (P8-84)
 Warning: Capture time (100ns) for path dest_clk-dest_clk_25 occurred 93ns later than path cycle time. (P8-85)
 Warning: Capture time (100ns) for path dest_clk-dest_clk_26 occurred 93ns later than path cycle time. (P8-86)
 Warning: Capture time (100ns) for path dest_clk-dest_clk_27 occurred 93ns later than path cycle time. (P8-87)
 Warning: Capture time (100ns) for path dest_clk-dest_clk_28 occurred 93ns later than path cycle time. (P8-88)
 Warning: Capture time (100ns) for path dest_clk-dest_clk_29 occurred 93ns later than path cycle time. (P8-89)
 Warning: Path src_clk-src_clk_1 had an ambiguous path connection to node U229/A1 (1363). (P14-1)
 Warning: Path dest_clk-dest_clk_4 had an ambiguous path connection to node intadd_2_U3/CI (315). (P14-2)
 Warning: Path dest_clk-dest_clk_5 had an ambiguous path connection to node U263/A2 (1281). (P14-3)
 Warning: Path dest_clk-dest_clk_15 had an ambiguous path connection to node U269/A2 (235). (P14-4)
 Warning: Path src_clk-src_clk_1 has an ambiguous launch clock (force_pi and wclk). (P15-1)
 Warning: Path src_clk-src_clk_2 has an ambiguous launch clock (force_pi and wclk). (P15-2)
 Warning: Path src_clk-src_clk_3 has an ambiguous launch clock (force_pi and wclk). (P15-3)
 Warning: Path src_clk-src_clk_4 has an ambiguous launch clock (force_pi and wclk). (P15-4)
 Warning: Path src_clk-src_clk_5 has an ambiguous launch clock (force_pi and wclk). (P15-5)
 Warning: Path src_clk-src_clk_6 has an ambiguous launch clock (force_pi and wclk). (P15-6)
 Warning: Path src_clk-src_clk_7 has an ambiguous launch clock (force_pi and wclk). (P15-7)
 Warning: Path src_clk-src_clk_8 has an ambiguous launch clock (force_pi and wclk). (P15-8)
 Warning: Path src_clk-src_clk_9 has an ambiguous launch clock (force_pi and wclk). (P15-9)
 Warning: Path src_clk-src_clk_10 has an ambiguous launch clock (force_pi and wclk). (P15-10)
 Warning: Path src_clk-src_clk_11 has an ambiguous launch clock (force_pi and wclk). (P15-11)
 Warning: Path src_clk-src_clk_12 has an ambiguous launch clock (force_pi and wclk). (P15-12)
 Warning: Path src_clk-src_clk_13 has an ambiguous launch clock (force_pi and wclk). (P15-13)
 Warning: Path src_clk-src_clk_14 has an ambiguous launch clock (force_pi and wclk). (P15-14)
 Warning: Path src_clk-src_clk_15 has an ambiguous launch clock (force_pi and wclk). (P15-15)
 Warning: Path src_clk-src_clk_16 has an ambiguous launch clock (force_pi and wclk). (P15-16)
 Warning: Path src_clk-src_clk_17 has an ambiguous launch clock (force_pi and wclk). (P15-17)
 Warning: Path src_clk-src_clk_18 has an ambiguous launch clock (force_pi and wclk). (P15-18)
 Warning: Path src_clk-src_clk_19 has an ambiguous launch clock (force_pi and wclk). (P15-19)
 Warning: Path src_clk-src_clk_20 has an ambiguous launch clock (force_pi and wclk). (P15-20)
 Warning: Path src_clk-src_clk_21 has an ambiguous launch clock (force_pi and wclk). (P15-21)
 Warning: Path src_clk-src_clk_22 has an ambiguous launch clock (force_pi and wclk). (P15-22)
 Warning: Path src_clk-src_clk_23 has an ambiguous launch clock (force_pi and wclk). (P15-23)
 Warning: Path src_clk-src_clk_24 has an ambiguous launch clock (force_pi and wclk). (P15-24)
 Warning: Path src_clk-src_clk_25 has an ambiguous launch clock (force_pi and wclk). (P15-25)
 Warning: Path src_clk-src_clk_26 has an ambiguous launch clock (force_pi and wclk). (P15-26)
 Warning: Path src_clk-src_clk_27 has an ambiguous launch clock (force_pi and wclk). (P15-27)
 Warning: Path src_clk-src_clk_28 has an ambiguous launch clock (force_pi and wclk). (P15-28)
 Warning: Path src_clk-src_clk_29 has an ambiguous launch clock (force_pi and wclk). (P15-29)
 Warning: Path src_clk-src_clk_30 has an ambiguous launch clock (force_pi and wclk). (P15-30)
 Warning: Path src_clk-src_clk_31 has an ambiguous launch clock (force_pi and wclk). (P15-31)
 Warning: Path src_clk-src_clk_32 has an ambiguous launch clock (force_pi and wclk). (P15-32)
 Warning: Path src_clk-src_clk_33 has an ambiguous launch clock (force_pi and wclk). (P15-33)
 Warning: Path src_clk-src_clk_34 has an ambiguous launch clock (force_pi and wclk). (P15-34)
 Warning: Path src_clk-src_clk_35 has an ambiguous launch clock (force_pi and wclk). (P15-35)
 Warning: Path src_clk-src_clk_36 has an ambiguous launch clock (force_pi and wclk). (P15-36)
 Warning: Path src_clk-src_clk_37 has an ambiguous launch clock (force_pi and wclk). (P15-37)
 Warning: Path src_clk-src_clk_38 has an ambiguous launch clock (force_pi and wclk). (P15-38)
 Warning: Path src_clk-src_clk_39 has an ambiguous launch clock (force_pi and wclk). (P15-39)
 Warning: Path src_clk-src_clk_40 has an ambiguous launch clock (force_pi and wclk). (P15-40)
 Warning: Path src_clk-src_clk_41 has an ambiguous launch clock (force_pi and wclk). (P15-41)
 Warning: Path src_clk-src_clk_42 has an ambiguous launch clock (force_pi and wclk). (P15-42)
 Warning: Path src_clk-src_clk_43 has an ambiguous launch clock (force_pi and wclk). (P15-43)
 Warning: Path src_clk-src_clk_44 has an ambiguous launch clock (force_pi and wclk). (P15-44)
 Warning: Path src_clk-src_clk_45 has an ambiguous launch clock (force_pi and wclk). (P15-45)
 Warning: Path src_clk-src_clk_46 has an ambiguous launch clock (force_pi and wclk). (P15-46)
 Warning: Path src_clk-src_clk_47 has an ambiguous launch clock (force_pi and wclk). (P15-47)
 Warning: Path src_clk-src_clk_48 has an ambiguous launch clock (force_pi and wclk). (P15-48)
 Warning: Path src_clk-src_clk_49 has an ambiguous launch clock (force_pi and wclk). (P15-49)
 Warning: Path src_clk-src_clk_50 has an ambiguous launch clock (force_pi and wclk). (P15-50)
 Warning: Path src_clk-src_clk_51 has an ambiguous launch clock (force_pi and wclk). (P15-51)
 Warning: Path src_clk-src_clk_52 has an ambiguous launch clock (force_pi and wclk). (P15-52)
 Warning: Path src_clk-src_clk_53 has an ambiguous launch clock (force_pi and wclk). (P15-53)
 Warning: Path src_clk-src_clk_54 has an ambiguous launch clock (force_pi and wclk). (P15-54)
 Warning: Path src_clk-src_clk_55 has an ambiguous launch clock (force_pi and wclk). (P15-55)
 Warning: Path src_clk-src_clk_56 has an ambiguous launch clock (force_pi and wclk). (P15-56)
 Warning: Path src_clk-src_clk_57 has an ambiguous launch clock (force_pi and wclk). (P15-57)
 Warning: Path src_clk-src_clk_58 has an ambiguous launch clock (force_pi and wclk). (P15-58)
 Warning: Path src_clk-src_clk_59 has an ambiguous launch clock (force_pi and wclk). (P15-59)
 Warning: Path src_clk-src_clk_60 has an ambiguous launch clock (force_pi and wclk). (P15-60)
 Warning: Path dest_clk-dest_clk_1 has an ambiguous launch clock (force_pi and rclk). (P15-61)
 Warning: Path dest_clk-dest_clk_2 has an ambiguous launch clock (force_pi and rclk). (P15-62)
 Warning: Path dest_clk-dest_clk_3 has an ambiguous launch clock (force_pi and rclk). (P15-63)
 Warning: Path dest_clk-dest_clk_4 has an ambiguous launch clock (force_pi and rclk). (P15-64)
 Warning: Path dest_clk-dest_clk_5 has an ambiguous launch clock (force_pi and rclk). (P15-65)
 Warning: Path dest_clk-dest_clk_6 has an ambiguous launch clock (force_pi and rclk). (P15-66)
 Warning: Path dest_clk-dest_clk_7 has an ambiguous launch clock (force_pi and rclk). (P15-67)
 Warning: Path dest_clk-dest_clk_8 has an ambiguous launch clock (force_pi and rclk). (P15-68)
 Warning: Path dest_clk-dest_clk_9 has an ambiguous launch clock (force_pi and rclk). (P15-69)
 Warning: Path dest_clk-dest_clk_10 has an ambiguous launch clock (force_pi and rclk). (P15-70)
 Warning: Path dest_clk-dest_clk_11 has an ambiguous launch clock (force_pi and rclk). (P15-71)
 Warning: Path dest_clk-dest_clk_12 has an ambiguous launch clock (force_pi and rclk). (P15-72)
 Warning: Path dest_clk-dest_clk_13 has an ambiguous launch clock (force_pi and rclk). (P15-73)
 Warning: Path dest_clk-dest_clk_14 has an ambiguous launch clock (force_pi and rclk). (P15-74)
 Warning: Path dest_clk-dest_clk_15 has an ambiguous launch clock (force_pi and rclk). (P15-75)
 Warning: Path dest_clk-dest_clk_16 has an ambiguous launch clock (force_pi and rclk). (P15-76)
 Warning: Path dest_clk-dest_clk_17 has an ambiguous launch clock (force_pi and rclk). (P15-77)
 Warning: Path dest_clk-dest_clk_18 has an ambiguous launch clock (force_pi and rclk). (P15-78)
 Warning: Path dest_clk-dest_clk_19 has an ambiguous launch clock (force_pi and rclk). (P15-79)
 Warning: Path dest_clk-dest_clk_20 has an ambiguous launch clock (force_pi and rclk). (P15-80)
 Warning: Path dest_clk-dest_clk_21 has an ambiguous launch clock (force_pi and rclk). (P15-81)
 Warning: Path dest_clk-dest_clk_22 has an ambiguous launch clock (force_pi and rclk). (P15-82)
 Warning: Path dest_clk-dest_clk_23 has an ambiguous launch clock (force_pi and rclk). (P15-83)
 Warning: Path dest_clk-dest_clk_24 has an ambiguous launch clock (force_pi and rclk). (P15-84)
 Warning: Path dest_clk-dest_clk_25 has an ambiguous launch clock (force_pi and rclk). (P15-85)
 Warning: Path dest_clk-dest_clk_26 has an ambiguous launch clock (force_pi and rclk). (P15-86)
 Warning: Path dest_clk-dest_clk_27 has an ambiguous launch clock (force_pi and rclk). (P15-87)
 Warning: Path dest_clk-dest_clk_28 has an ambiguous launch clock (force_pi and rclk). (P15-88)
 Warning: Path dest_clk-dest_clk_29 has an ambiguous launch clock (force_pi and rclk). (P15-89)
 Warning: Path src_clk-src_clk_1 has an ambiguous capture clock (capture_po and wclk). (P16-1)
 Warning: Path src_clk-src_clk_2 has an ambiguous capture clock (capture_po and wclk). (P16-2)
 Warning: Path src_clk-src_clk_3 has an ambiguous capture clock (capture_po and wclk). (P16-3)
 Warning: Path src_clk-src_clk_4 has an ambiguous capture clock (capture_po and wclk). (P16-4)
 Warning: Path src_clk-src_clk_5 has an ambiguous capture clock (capture_po and wclk). (P16-5)
 Warning: Path src_clk-src_clk_6 has an ambiguous capture clock (capture_po and wclk). (P16-6)
 Warning: Path src_clk-src_clk_7 has an ambiguous capture clock (capture_po and wclk). (P16-7)
 Warning: Path src_clk-src_clk_8 has an ambiguous capture clock (capture_po and wclk). (P16-8)
 Warning: Path src_clk-src_clk_9 has an ambiguous capture clock (constrained clock wclk). (P16-9)
 Warning: Path src_clk-src_clk_10 has an ambiguous capture clock (capture_po and wclk). (P16-10)
 Warning: Path src_clk-src_clk_11 has an ambiguous capture clock (capture_po and wclk). (P16-11)
 Warning: Path src_clk-src_clk_12 has an ambiguous capture clock (capture_po and wclk). (P16-12)
 Warning: Path src_clk-src_clk_13 has an ambiguous capture clock (capture_po and wclk). (P16-13)
 Warning: Path src_clk-src_clk_14 has an ambiguous capture clock (capture_po and wclk). (P16-14)
 Warning: Path src_clk-src_clk_15 has an ambiguous capture clock (capture_po and wclk). (P16-15)
 Warning: Path src_clk-src_clk_16 has an ambiguous capture clock (capture_po and wclk). (P16-16)
 Warning: Path src_clk-src_clk_17 has an ambiguous capture clock (capture_po and wclk). (P16-17)
 Warning: Path src_clk-src_clk_18 has an ambiguous capture clock (capture_po and wclk). (P16-18)
 Warning: Path src_clk-src_clk_19 has an ambiguous capture clock (capture_po and wclk). (P16-19)
 Warning: Path src_clk-src_clk_20 has an ambiguous capture clock (capture_po and wclk). (P16-20)
 Warning: Path src_clk-src_clk_21 has an ambiguous capture clock (capture_po and wclk). (P16-21)
 Warning: Path src_clk-src_clk_22 has an ambiguous capture clock (capture_po and wclk). (P16-22)
 Warning: Path src_clk-src_clk_23 has an ambiguous capture clock (capture_po and wclk). (P16-23)
 Warning: Path src_clk-src_clk_24 has an ambiguous capture clock (capture_po and wclk). (P16-24)
 Warning: Path src_clk-src_clk_25 has an ambiguous capture clock (capture_po and wclk). (P16-25)
 Warning: Path src_clk-src_clk_26 has an ambiguous capture clock (capture_po and wclk). (P16-26)
 Warning: Path src_clk-src_clk_27 has an ambiguous capture clock (capture_po and wclk). (P16-27)
 Warning: Path src_clk-src_clk_28 has an ambiguous capture clock (capture_po and wclk). (P16-28)
 Warning: Path src_clk-src_clk_29 has an ambiguous capture clock (capture_po and wclk). (P16-29)
 Warning: Path src_clk-src_clk_30 has an ambiguous capture clock (capture_po and wclk). (P16-30)
 Warning: Path src_clk-src_clk_31 has an ambiguous capture clock (capture_po and wclk). (P16-31)
 Warning: Path src_clk-src_clk_32 has an ambiguous capture clock (capture_po and wclk). (P16-32)
 Warning: Path src_clk-src_clk_33 has an ambiguous capture clock (capture_po and wclk). (P16-33)
 Warning: Path src_clk-src_clk_34 has an ambiguous capture clock (capture_po and wclk). (P16-34)
 Warning: Path src_clk-src_clk_35 has an ambiguous capture clock (capture_po and wclk). (P16-35)
 Warning: Path src_clk-src_clk_36 has an ambiguous capture clock (capture_po and wclk). (P16-36)
 Warning: Path src_clk-src_clk_37 has an ambiguous capture clock (capture_po and wclk). (P16-37)
 Warning: Path src_clk-src_clk_38 has an ambiguous capture clock (capture_po and wclk). (P16-38)
 Warning: Path src_clk-src_clk_39 has an ambiguous capture clock (capture_po and wclk). (P16-39)
 Warning: Path src_clk-src_clk_40 has an ambiguous capture clock (capture_po and wclk). (P16-40)
 Warning: Path src_clk-src_clk_41 has an ambiguous capture clock (capture_po and wclk). (P16-41)
 Warning: Path src_clk-src_clk_42 has an ambiguous capture clock (capture_po and wclk). (P16-42)
 Warning: Path src_clk-src_clk_43 has an ambiguous capture clock (capture_po and wclk). (P16-43)
 Warning: Path src_clk-src_clk_44 has an ambiguous capture clock (capture_po and wclk). (P16-44)
 Warning: Path src_clk-src_clk_45 has an ambiguous capture clock (capture_po and wclk). (P16-45)
 Warning: Path src_clk-src_clk_46 has an ambiguous capture clock (capture_po and wclk). (P16-46)
 Warning: Path src_clk-src_clk_47 has an ambiguous capture clock (capture_po and wclk). (P16-47)
 Warning: Path src_clk-src_clk_48 has an ambiguous capture clock (capture_po and wclk). (P16-48)
 Warning: Path src_clk-src_clk_49 has an ambiguous capture clock (capture_po and wclk). (P16-49)
 Warning: Path src_clk-src_clk_50 has an ambiguous capture clock (capture_po and wclk). (P16-50)
 Warning: Path src_clk-src_clk_51 has an ambiguous capture clock (capture_po and wclk). (P16-51)
 Warning: Path src_clk-src_clk_52 has an ambiguous capture clock (capture_po and wclk). (P16-52)
 Warning: Path src_clk-src_clk_53 has an ambiguous capture clock (capture_po and wclk). (P16-53)
 Warning: Path src_clk-src_clk_54 has an ambiguous capture clock (capture_po and wclk). (P16-54)
 Warning: Path src_clk-src_clk_55 has an ambiguous capture clock (capture_po and wclk). (P16-55)
 Warning: Path src_clk-src_clk_56 has an ambiguous capture clock (capture_po and wclk). (P16-56)
 Warning: Path src_clk-src_clk_57 has an ambiguous capture clock (capture_po and wclk). (P16-57)
 Warning: Path src_clk-src_clk_58 has an ambiguous capture clock (capture_po and wclk). (P16-58)
 Warning: Path src_clk-src_clk_59 has an ambiguous capture clock (capture_po and wclk). (P16-59)
 Warning: Path src_clk-src_clk_60 has an ambiguous capture clock (capture_po and wclk). (P16-60)
 Warning: Path dest_clk-dest_clk_1 has an ambiguous capture clock (capture_po and rclk). (P16-61)
 Warning: Path dest_clk-dest_clk_2 has an ambiguous capture clock (constrained clock rclk). (P16-62)
 Warning: Path dest_clk-dest_clk_3 has an ambiguous capture clock (capture_po and rclk). (P16-63)
 Warning: Path dest_clk-dest_clk_4 has an ambiguous capture clock (capture_po and rclk). (P16-64)
 Warning: Path dest_clk-dest_clk_5 has an ambiguous capture clock (capture_po and rclk). (P16-65)
 Warning: Path dest_clk-dest_clk_6 has an ambiguous capture clock (capture_po and rclk). (P16-66)
 Warning: Path dest_clk-dest_clk_7 has an ambiguous capture clock (capture_po and rclk). (P16-67)
 Warning: Path dest_clk-dest_clk_8 has an ambiguous capture clock (capture_po and rclk). (P16-68)
 Warning: Path dest_clk-dest_clk_9 has an ambiguous capture clock (capture_po and rclk). (P16-69)
 Warning: Path dest_clk-dest_clk_10 has an ambiguous capture clock (capture_po and rclk). (P16-70)
 Warning: Path dest_clk-dest_clk_11 has an ambiguous capture clock (capture_po and rclk). (P16-71)
 Warning: Path dest_clk-dest_clk_12 has an ambiguous capture clock (capture_po and rclk). (P16-72)
 Warning: Path dest_clk-dest_clk_13 has an ambiguous capture clock (capture_po and rclk). (P16-73)
 Warning: Path dest_clk-dest_clk_14 has an ambiguous capture clock (capture_po and rclk). (P16-74)
 Warning: Path dest_clk-dest_clk_15 has an ambiguous capture clock (capture_po and rclk). (P16-75)
 Warning: Path dest_clk-dest_clk_16 has an ambiguous capture clock (capture_po and rclk). (P16-76)
 Warning: Path dest_clk-dest_clk_17 has an ambiguous capture clock (capture_po and rclk). (P16-77)
 Warning: Path dest_clk-dest_clk_18 has an ambiguous capture clock (capture_po and rclk). (P16-78)
 Warning: Path dest_clk-dest_clk_19 has an ambiguous capture clock (capture_po and rclk). (P16-79)
 Warning: Path dest_clk-dest_clk_20 has an ambiguous capture clock (capture_po and rclk). (P16-80)
 Warning: Path dest_clk-dest_clk_21 has an ambiguous capture clock (capture_po and rclk). (P16-81)
 Warning: Path dest_clk-dest_clk_22 has an ambiguous capture clock (capture_po and rclk). (P16-82)
 Warning: Path dest_clk-dest_clk_23 has an ambiguous capture clock (capture_po and rclk). (P16-83)
 Warning: Path dest_clk-dest_clk_24 has an ambiguous capture clock (capture_po and rclk). (P16-84)
 Warning: Path dest_clk-dest_clk_25 has an ambiguous capture clock (capture_po and rclk). (P16-85)
 Warning: Path dest_clk-dest_clk_26 has an ambiguous capture clock (capture_po and rclk). (P16-86)
 Warning: Path dest_clk-dest_clk_27 has an ambiguous capture clock (capture_po and rclk). (P16-87)
 Warning: Path dest_clk-dest_clk_28 has an ambiguous capture clock (capture_po and rclk). (P16-88)
 Warning: Path dest_clk-dest_clk_29 has an ambiguous capture clock (capture_po and rclk). (P16-89)
 Warning: Off-path node values not satisfiable for path src_clk-src_clk_2. (P22-1)
 Warning: Off-path node values not satisfiable for path src_clk-src_clk_4. (P22-2)
 Warning: Off-path node values not satisfiable for path src_clk-src_clk_5. (P22-3)
 Warning: Off-path node values not satisfiable for path dest_clk-dest_clk_5. (P22-4)
 Warning: Off-path node values not satisfiable for path dest_clk-dest_clk_6. (P22-5)
 Warning: Off-path node values not satisfiable for path dest_clk-dest_clk_14. (P22-6)
