Information: Using automatic max wire load selection group 'predcaps'. (ENV-003)
Information: Using automatic min wire load selection group 'predcaps'. (ENV-003)
Warning: Some timing arcs have been disabled for breaking timing loops or because of constant propagation. Use the 'report_disable_timing' command to get the list of these disabled timing arcs. (PTE-003)
****************************************
Report : constraint
	-all_violators
	-path slack_only
Design : async_fifo
Version: O-2018.06-SP1
Date   : Fri Jan  7 05:45:45 2022
****************************************




1
****************************************
Report : analysis_coverage
Design : async_fifo
Version: O-2018.06-SP1
Date   : Fri Jan  7 05:45:45 2022
****************************************

Type of Check         Total              Met         Violated         Untested
--------------------------------------------------------------------------------
setup                   515       177 ( 34%)         0 (  0%)       338 ( 66%)
hold                    515       177 ( 34%)         0 (  0%)       338 ( 66%)
recovery                177         0 (  0%)         0 (  0%)       177 (100%)
removal                 177         0 (  0%)         0 (  0%)       177 (100%)
min_pulse_width         531       354 ( 67%)         0 (  0%)       177 ( 33%)
out_setup                18        15 ( 83%)         0 (  0%)         3 ( 17%)
out_hold                 18        15 ( 83%)         0 (  0%)         3 ( 17%)
--------------------------------------------------------------------------------
All Checks             1951       738 ( 38%)         0 (  0%)      1213 ( 62%)

1
