      Collapsed Stuck Fault Summary Report
 -----------------------------------------------
 fault class                     code   #faults
 ------------------------------  ----  ---------
 Detected                         DT       4339
   detected_by_simulation         DS      (2846)
   detected_by_implication        DI      (1493)
 Possibly detected                PT          0
 Undetectable                     UD         10
   undetectable-tied              UT         (2)
   undetectable-blocked           UB         (4)
   undetectable-redundant         UR         (4)
 ATPG untestable                  AU        322
   atpg_untestable-not_detected   AN       (322)
 Not detected                     ND          0
 -----------------------------------------------
 total faults                              4671
 test coverage                            93.09%
 fault coverage                           92.89%
 -----------------------------------------------
            Pattern Summary Report
 -----------------------------------------------
 #internal patterns                          72
     #basic_scan patterns                    71
     #fast_sequential patterns                1
          # 2-cycle patterns                  1
          # 1-load patterns                   1
 -----------------------------------------------
