 Warning: Undriven module output pin ( async_fifo_DFT_decode_width8_1_0/B[15] ). (B7-1)
 Warning: Undriven module output pin ( async_fifo_DFT_decode_width8_1_0/B[14] ). (B7-2)
 Warning: Undriven module output pin ( async_fifo_DFT_decode_width8_1_0/B[13] ). (B7-3)
 Warning: Undriven module output pin ( async_fifo_DFT_decode_width8_1_0/B[12] ). (B7-4)
 Warning: Undriven module output pin ( async_fifo_DFT_decode_width8_1_0/B[11] ). (B7-5)
 Warning: Undriven module output pin ( async_fifo_DFT_decode_width8_1_0/B[10] ). (B7-6)
 Warning: Undriven module output pin ( async_fifo_DFT_decode_width8_1_0/B[9] ). (B7-7)
 Warning: Undriven module output pin ( async_fifo_DFT_decode_width8_1_0/B[0] ). (B7-8)
 Warning: Undriven module output pin ( async_fifo_DFT_decode_width8_0_0/B[15] ). (B7-9)
 Warning: Undriven module output pin ( async_fifo_DFT_decode_width8_0_0/B[14] ). (B7-10)
 Warning: Undriven module output pin ( async_fifo_DFT_decode_width8_0_0/B[13] ). (B7-11)
 Warning: Undriven module output pin ( async_fifo_DFT_decode_width8_0_0/B[12] ). (B7-12)
 Warning: Undriven module output pin ( async_fifo_DFT_decode_width8_0_0/B[11] ). (B7-13)
 Warning: Undriven module output pin ( async_fifo_DFT_decode_width8_0_0/B[10] ). (B7-14)
 Warning: Undriven module output pin ( async_fifo_DFT_decode_width8_0_0/B[9] ). (B7-15)
 Warning: Undriven module output pin ( async_fifo_DFT_decode_width8_0_0/B[0] ). (B7-16)
 Warning: Unconnected module input pin ( U_FD_P_RB_NO/NOTIFIER_REG ). (B8-1)
 Warning: Unconnected module input pin ( U_LD_P_RB_NO/NOTI_REG ). (B8-2)
 Warning: Unconnected module input pin ( s_denrq2/notifier ). (B8-3)
 Warning: Unconnected module input pin ( s_deprq1/notifier ). (B8-4)
 Warning: Unconnected module input pin ( s_denrq1/notifier ). (B8-5)
 Warning: Unconnected module input pin ( U_LD_N_NO/NOTI_REG ). (B8-6)
 Warning: Unconnected module input pin ( s_dfcrn1/notifier ). (B8-7)
 Warning: Unconnected module input pin ( s_secrq1/notifier ). (B8-8)
 Warning: Unconnected module input pin ( U_LD_P_NO/NOTI_REG ). (B8-9)
 Warning: Unconnected module input pin ( U_FD_P_SB_NO/NOTIFIER_REG ). (B8-10)
 Warning: Undriven module internal net ( sdcrq1/notifier ). (B9-1)
 Warning: Undriven module internal net ( laclq1/notifier ). (B9-2)
 Warning: Undriven module internal net ( sdcrq2/notifier ). (B9-3)
 Warning: Undriven module internal net ( denrq2/notifier ). (B9-4)
 Warning: Undriven module internal net ( deprq1/notifier ). (B9-5)
 Warning: Undriven module internal net ( denrq1/notifier ). (B9-6)
 Warning: Undriven module internal net ( lanlq1/notifier ). (B9-7)
 Warning: Undriven module internal net ( dfcrn1/notifier ). (B9-8)
 Warning: Undriven module internal net ( dfcrq1/notifier ). (B9-9)
 Warning: Undriven module internal net ( secrq1/notifier ). (B9-10)
 Warning: Undriven module internal net ( lanhq1/notifier ). (B9-11)
 Warning: Undriven module internal net ( sdprb1/notifier ). (B9-12)
 Warning: Unconnected module internal net ( sdcrq1/vcond1 ). (B10-1)
 Warning: Unconnected module internal net ( sdcrq1/vcond2 ). (B10-2)
 Warning: Unconnected module internal net ( sdcrq2/vcond1 ). (B10-3)
 Warning: Unconnected module internal net ( sdcrq2/vcond2 ). (B10-4)
 Warning: Unconnected module internal net ( denrq2/CP_buf ). (B10-5)
 Warning: Unconnected module internal net ( denrq2/BOOL_OUT ). (B10-6)
 Warning: Unconnected module internal net ( deprq1/CP_buf ). (B10-7)
 Warning: Unconnected module internal net ( deprq1/BOOL_OUT ). (B10-8)
 Warning: Unconnected module internal net ( deprq1/vcond1 ). (B10-9)
 Warning: Unconnected module internal net ( denrq1/CP_buf ). (B10-10)
 Warning: Unconnected module internal net ( denrq1/BOOL_OUT ). (B10-11)
 Warning: Unconnected module internal net ( async_fifo_DFT_clk_control_1_0/SYNOPSYS_UNCONNECTED_1 ). (B10-12)
 Warning: Unconnected module internal net ( async_fifo_DFT_clk_control_1_0/SYNOPSYS_UNCONNECTED_2 ). (B10-13)
 Warning: Unconnected module internal net ( async_fifo_DFT_clk_control_1_0/SYNOPSYS_UNCONNECTED_3 ). (B10-14)
 Warning: Unconnected module internal net ( async_fifo_DFT_clk_control_1_0/SYNOPSYS_UNCONNECTED_4 ). (B10-15)
 Warning: Unconnected module internal net ( async_fifo_DFT_clk_control_1_0/SYNOPSYS_UNCONNECTED_5 ). (B10-16)
 Warning: Unconnected module internal net ( async_fifo_DFT_clk_control_1_0/SYNOPSYS_UNCONNECTED_6 ). (B10-17)
 Warning: Unconnected module internal net ( async_fifo_DFT_clk_control_1_0/SYNOPSYS_UNCONNECTED_7 ). (B10-18)
 Warning: Unconnected module internal net ( async_fifo_DFT_clk_control_1_0/SYNOPSYS_UNCONNECTED_8 ). (B10-19)
 Warning: Unconnected module internal net ( async_fifo_DFT_clk_control_0_0/SYNOPSYS_UNCONNECTED_1 ). (B10-20)
 Warning: Unconnected module internal net ( async_fifo_DFT_clk_control_0_0/SYNOPSYS_UNCONNECTED_2 ). (B10-21)
 Warning: Unconnected module internal net ( async_fifo_DFT_clk_control_0_0/SYNOPSYS_UNCONNECTED_3 ). (B10-22)
 Warning: Unconnected module internal net ( async_fifo_DFT_clk_control_0_0/SYNOPSYS_UNCONNECTED_4 ). (B10-23)
 Warning: Unconnected module internal net ( async_fifo_DFT_clk_control_0_0/SYNOPSYS_UNCONNECTED_5 ). (B10-24)
 Warning: Unconnected module internal net ( async_fifo_DFT_clk_control_0_0/SYNOPSYS_UNCONNECTED_6 ). (B10-25)
 Warning: Unconnected module internal net ( async_fifo_DFT_clk_control_0_0/SYNOPSYS_UNCONNECTED_7 ). (B10-26)
 Warning: Unconnected module internal net ( async_fifo_DFT_clk_control_0_0/SYNOPSYS_UNCONNECTED_8 ). (B10-27)
 Warning: Unconnected module internal net ( secrq1/vcond1 ). (B10-28)
 Warning: Unconnected module internal net ( secrq1/vcond_CDN_vio ). (B10-29)
 Warning: Unconnected module internal net ( secrq1/vcond_ENN_vio ). (B10-30)
 Warning: Unconnected module internal net ( secrq1/vcond_D_vio ). (B10-31)
 Warning: Unconnected module internal net ( secrq1/vcond2 ). (B10-32)
 Warning: Unconnected module internal net ( sdprb1/vcond1 ). (B10-33)
 Warning: Unconnected module internal net ( sdprb1/vcond2 ). (B10-34)
 Warning: Nonscan DFF occ_wclk/U_clk_control_i_0/slow_clk_enable_l_reg (1550) disturbed during time 45 of load_unload procedure. (S19-1)
 Warning: Nonscan DFF occ_rclk/U_clk_control_i_0/slow_clk_enable_l_reg (1569) disturbed during time 45 of load_unload procedure. (S19-2)
 Warning: Nonscan DLAT LOCKUP (1368) disturbed during time 45 of shift procedure. (S19-3)
 Warning: Nonscan DFF occ_wclk/U_clk_control_i_0/pipeline_or_tree_l_reg (1548) disturbed during time 45 of shift procedure. (S19-4)
 Warning: Nonscan DFF occ_wclk/U_clk_control_i_0/fast_clk_enable_l_reg (1549) disturbed during time 45 of shift procedure. (S19-5)
 Warning: Nonscan DFF occ_wclk/U_clk_control_i_0/load_n_meta_0_l_reg (1551) disturbed during time 45 of shift procedure. (S19-6)
 Warning: Nonscan DFF occ_wclk/U_clk_control_i_0/load_n_meta_1_l_reg (1552) disturbed during time 45 of shift procedure. (S19-7)
 Warning: Nonscan DFF occ_wclk/U_clk_control_i_0/load_n_meta_2_l_reg (1553) disturbed during time 45 of shift procedure. (S19-8)
 Warning: Nonscan DFF occ_wclk/U_clk_control_i_0/U_cycle_ctr_i/count_int_reg_0_ (1554) disturbed during time 45 of shift procedure. (S19-9)
 Warning: Nonscan DFF occ_wclk/U_clk_control_i_0/U_cycle_ctr_i/count_int_reg_1_ (1555) disturbed during time 45 of shift procedure. (S19-10)
 Warning: Nonscan DFF occ_wclk/U_clk_control_i_0/U_cycle_ctr_i/count_int_reg_2_ (1556) disturbed during time 45 of shift procedure. (S19-11)
 Warning: Nonscan DFF occ_wclk/U_clk_control_i_0/U_cycle_ctr_i/count_int_reg_3_ (1557) disturbed during time 45 of shift procedure. (S19-12)
 Warning: Nonscan DFF occ_wclk/U_clk_control_i_0/U_cycle_ctr_i/tercnt_n_reg_reg (1558) disturbed during time 45 of shift procedure. (S19-13)
 Warning: Nonscan DFF occ_rclk/U_clk_control_i_0/pipeline_or_tree_l_reg (1567) disturbed during time 45 of shift procedure. (S19-14)
 Warning: Nonscan DFF occ_rclk/U_clk_control_i_0/fast_clk_enable_l_reg (1568) disturbed during time 45 of shift procedure. (S19-15)
 Warning: Nonscan DFF occ_rclk/U_clk_control_i_0/load_n_meta_0_l_reg (1570) disturbed during time 45 of shift procedure. (S19-16)
 Warning: Nonscan DFF occ_rclk/U_clk_control_i_0/load_n_meta_1_l_reg (1571) disturbed during time 45 of shift procedure. (S19-17)
 Warning: Nonscan DFF occ_rclk/U_clk_control_i_0/load_n_meta_2_l_reg (1572) disturbed during time 45 of shift procedure. (S19-18)
 Warning: Nonscan DFF occ_rclk/U_clk_control_i_0/U_cycle_ctr_i/count_int_reg_0_ (1573) disturbed during time 45 of shift procedure. (S19-19)
 Warning: Nonscan DFF occ_rclk/U_clk_control_i_0/U_cycle_ctr_i/count_int_reg_1_ (1574) disturbed during time 45 of shift procedure. (S19-20)
 Warning: Nonscan DFF occ_rclk/U_clk_control_i_0/U_cycle_ctr_i/count_int_reg_2_ (1575) disturbed during time 45 of shift procedure. (S19-21)
 Warning: Nonscan DFF occ_rclk/U_clk_control_i_0/U_cycle_ctr_i/count_int_reg_3_ (1576) disturbed during time 45 of shift procedure. (S19-22)
 Warning: Nonscan DFF occ_rclk/U_clk_control_i_0/U_cycle_ctr_i/tercnt_n_reg_reg (1577) disturbed during time 45 of shift procedure. (S19-23)
 Warning: Clock PIs off failed to allow transparency of nonscan DLAT LOCKUP (1368). (C3-1)
 Warning: Clock input 2 of nonscan DFF occ_wclk/U_clk_control_i_0/pipeline_or_tree_l_reg (1548) cannot capture data. (C16-1)
 Warning: Clock input 2 of nonscan DFF occ_wclk/U_clk_control_i_0/fast_clk_enable_l_reg (1549) cannot capture data. (C16-2)
 Warning: Clock input 2 of nonscan DFF occ_wclk/U_clk_control_i_0/slow_clk_enable_l_reg (1550) cannot capture data. (C16-3)
 Warning: Clock input 2 of nonscan DFF occ_wclk/U_clk_control_i_0/load_n_meta_0_l_reg (1551) cannot capture data. (C16-4)
 Warning: Clock input 2 of nonscan DFF occ_wclk/U_clk_control_i_0/load_n_meta_1_l_reg (1552) cannot capture data. (C16-5)
 Warning: Clock input 2 of nonscan DFF occ_wclk/U_clk_control_i_0/load_n_meta_2_l_reg (1553) cannot capture data. (C16-6)
 Warning: Clock input 2 of nonscan DFF occ_wclk/U_clk_control_i_0/U_cycle_ctr_i/count_int_reg_0_ (1554) cannot capture data. (C16-7)
 Warning: Clock input 2 of nonscan DFF occ_wclk/U_clk_control_i_0/U_cycle_ctr_i/count_int_reg_1_ (1555) cannot capture data. (C16-8)
 Warning: Clock input 2 of nonscan DFF occ_wclk/U_clk_control_i_0/U_cycle_ctr_i/count_int_reg_2_ (1556) cannot capture data. (C16-9)
 Warning: Clock input 2 of nonscan DFF occ_wclk/U_clk_control_i_0/U_cycle_ctr_i/count_int_reg_3_ (1557) cannot capture data. (C16-10)
 Warning: Clock input 2 of nonscan DFF occ_wclk/U_clk_control_i_0/U_cycle_ctr_i/tercnt_n_reg_reg (1558) cannot capture data. (C16-11)
 Warning: Clock input 2 of nonscan DFF occ_rclk/U_clk_control_i_0/pipeline_or_tree_l_reg (1567) cannot capture data. (C16-12)
 Warning: Clock input 2 of nonscan DFF occ_rclk/U_clk_control_i_0/fast_clk_enable_l_reg (1568) cannot capture data. (C16-13)
 Warning: Clock input 2 of nonscan DFF occ_rclk/U_clk_control_i_0/slow_clk_enable_l_reg (1569) cannot capture data. (C16-14)
 Warning: Clock input 2 of nonscan DFF occ_rclk/U_clk_control_i_0/load_n_meta_0_l_reg (1570) cannot capture data. (C16-15)
 Warning: Clock input 2 of nonscan DFF occ_rclk/U_clk_control_i_0/load_n_meta_1_l_reg (1571) cannot capture data. (C16-16)
 Warning: Clock input 2 of nonscan DFF occ_rclk/U_clk_control_i_0/load_n_meta_2_l_reg (1572) cannot capture data. (C16-17)
 Warning: Clock input 2 of nonscan DFF occ_rclk/U_clk_control_i_0/U_cycle_ctr_i/count_int_reg_0_ (1573) cannot capture data. (C16-18)
 Warning: Clock input 2 of nonscan DFF occ_rclk/U_clk_control_i_0/U_cycle_ctr_i/count_int_reg_1_ (1574) cannot capture data. (C16-19)
 Warning: Clock input 2 of nonscan DFF occ_rclk/U_clk_control_i_0/U_cycle_ctr_i/count_int_reg_2_ (1575) cannot capture data. (C16-20)
 Warning: Clock input 2 of nonscan DFF occ_rclk/U_clk_control_i_0/U_cycle_ctr_i/count_int_reg_3_ (1576) cannot capture data. (C16-21)
 Warning: Clock input 2 of nonscan DFF occ_rclk/U_clk_control_i_0/U_cycle_ctr_i/tercnt_n_reg_reg (1577) cannot capture data. (C16-22)
 Warning: Line 1261 (./dftc_protocols/async_fifo_TM4.spf), unused item (Group "int_occ_group" domain "" not used; first chain: "1"). (V6-1)
 Warning: Chains 1 and 19 have the same unload signature. (R10-1)
 Warning: Chains 1 and 21 have the same unload signature. (R10-2)
 Warning: Chains 1 and 23 have the same unload signature. (R10-3)
 Warning: Chains 2 and 6 have the same unload signature. (R10-4)
 Warning: Chains 2 and 10 have the same unload signature. (R10-5)
 Warning: Chains 2 and 14 have the same unload signature. (R10-6)
 Warning: Chains 3 and 7 have the same unload signature. (R10-7)
 Warning: Chains 3 and 11 have the same unload signature. (R10-8)
 Warning: Chains 3 and 15 have the same unload signature. (R10-9)
 Warning: Chains 4 and 8 have the same unload signature. (R10-10)
 Warning: Chains 4 and 12 have the same unload signature. (R10-11)
 Warning: Chains 4 and 16 have the same unload signature. (R10-12)
 Warning: Chains 5 and 9 have the same unload signature. (R10-13)
 Warning: Chains 5 and 13 have the same unload signature. (R10-14)
 Warning: Chains 5 and 17 have the same unload signature. (R10-15)
 Warning: Chains 6 and 10 have the same unload signature. (R10-16)
 Warning: Chains 6 and 14 have the same unload signature. (R10-17)
 Warning: Chains 7 and 11 have the same unload signature. (R10-18)
 Warning: Chains 7 and 15 have the same unload signature. (R10-19)
 Warning: Chains 8 and 12 have the same unload signature. (R10-20)
 Warning: Chains 8 and 16 have the same unload signature. (R10-21)
 Warning: Chains 9 and 13 have the same unload signature. (R10-22)
 Warning: Chains 9 and 17 have the same unload signature. (R10-23)
 Warning: Chains 10 and 14 have the same unload signature. (R10-24)
 Warning: Chains 11 and 15 have the same unload signature. (R10-25)
 Warning: Chains 12 and 16 have the same unload signature. (R10-26)
 Warning: Chains 13 and 17 have the same unload signature. (R10-27)
 Warning: Chains 18 and 20 have the same unload signature. (R10-28)
 Warning: Chains 18 and 22 have the same unload signature. (R10-29)
 Warning: Chains 18 and 24 have the same unload signature. (R10-30)
 Warning: Chains 19 and 21 have the same unload signature. (R10-31)
 Warning: Chains 19 and 23 have the same unload signature. (R10-32)
 Warning: Chains 20 and 22 have the same unload signature. (R10-33)
 Warning: Chains 20 and 24 have the same unload signature. (R10-34)
 Warning: Chains 21 and 23 have the same unload signature. (R10-35)
 Warning: Chains 22 and 24 have the same unload signature. (R10-36)
 Warning: Chain 4 not observable with X on chain 1. (R11-1)
 Warning: Chain 5 not observable with X on chain 1. (R11-2)
 Warning: Chain 8 not observable with X on chain 1. (R11-3)
 Warning: Chain 9 not observable with X on chain 1. (R11-4)
 Warning: Chain 12 not observable with X on chain 1. (R11-5)
 Warning: Chain 13 not observable with X on chain 1. (R11-6)
 Warning: Chain 16 not observable with X on chain 1. (R11-7)
 Warning: Chain 17 not observable with X on chain 1. (R11-8)
 Warning: Chain 1 not observable with X on chain 19. (R11-9)
 Warning: Chain 19 not observable with X on chain 1. (R11-10)
 Warning: Chain 1 not observable with X on chain 21. (R11-11)
 Warning: Chain 21 not observable with X on chain 1. (R11-12)
 Warning: Chain 1 not observable with X on chain 23. (R11-13)
 Warning: Chain 23 not observable with X on chain 1. (R11-14)
 Warning: Chain 2 not observable with X on chain 6. (R11-15)
 Warning: Chain 6 not observable with X on chain 2. (R11-16)
 Warning: Chain 2 not observable with X on chain 10. (R11-17)
 Warning: Chain 10 not observable with X on chain 2. (R11-18)
 Warning: Chain 2 not observable with X on chain 14. (R11-19)
 Warning: Chain 14 not observable with X on chain 2. (R11-20)
 Warning: Chain 2 not observable with X on chain 18. (R11-21)
 Warning: Chain 2 not observable with X on chain 20. (R11-22)
 Warning: Chain 2 not observable with X on chain 22. (R11-23)
 Warning: Chain 2 not observable with X on chain 24. (R11-24)
 Warning: Chain 3 not observable with X on chain 7. (R11-25)
 Warning: Chain 7 not observable with X on chain 3. (R11-26)
 Warning: Chain 3 not observable with X on chain 11. (R11-27)
 Warning: Chain 11 not observable with X on chain 3. (R11-28)
 Warning: Chain 3 not observable with X on chain 15. (R11-29)
 Warning: Chain 15 not observable with X on chain 3. (R11-30)
 Warning: Chain 3 not observable with X on chain 18. (R11-31)
 Warning: Chain 3 not observable with X on chain 20. (R11-32)
 Warning: Chain 3 not observable with X on chain 22. (R11-33)
 Warning: Chain 3 not observable with X on chain 24. (R11-34)
 Warning: Chain 4 not observable with X on chain 8. (R11-35)
 Warning: Chain 8 not observable with X on chain 4. (R11-36)
 Warning: Chain 4 not observable with X on chain 12. (R11-37)
 Warning: Chain 12 not observable with X on chain 4. (R11-38)
 Warning: Chain 4 not observable with X on chain 16. (R11-39)
 Warning: Chain 16 not observable with X on chain 4. (R11-40)
 Warning: Chain 4 not observable with X on chain 19. (R11-41)
 Warning: Chain 4 not observable with X on chain 21. (R11-42)
 Warning: Chain 4 not observable with X on chain 23. (R11-43)
 Warning: Chain 5 not observable with X on chain 9. (R11-44)
 Warning: Chain 9 not observable with X on chain 5. (R11-45)
 Warning: Chain 5 not observable with X on chain 13. (R11-46)
 Warning: Chain 13 not observable with X on chain 5. (R11-47)
 Warning: Chain 5 not observable with X on chain 17. (R11-48)
 Warning: Chain 17 not observable with X on chain 5. (R11-49)
 Warning: Chain 5 not observable with X on chain 19. (R11-50)
 Warning: Chain 5 not observable with X on chain 21. (R11-51)
 Warning: Chain 5 not observable with X on chain 23. (R11-52)
 Warning: Chain 6 not observable with X on chain 10. (R11-53)
 Warning: Chain 10 not observable with X on chain 6. (R11-54)
 Warning: Chain 6 not observable with X on chain 14. (R11-55)
 Warning: Chain 14 not observable with X on chain 6. (R11-56)
 Warning: Chain 6 not observable with X on chain 18. (R11-57)
 Warning: Chain 6 not observable with X on chain 20. (R11-58)
 Warning: Chain 6 not observable with X on chain 22. (R11-59)
 Warning: Chain 6 not observable with X on chain 24. (R11-60)
 Warning: Chain 7 not observable with X on chain 11. (R11-61)
 Warning: Chain 11 not observable with X on chain 7. (R11-62)
 Warning: Chain 7 not observable with X on chain 15. (R11-63)
 Warning: Chain 15 not observable with X on chain 7. (R11-64)
 Warning: Chain 7 not observable with X on chain 18. (R11-65)
 Warning: Chain 7 not observable with X on chain 20. (R11-66)
 Warning: Chain 7 not observable with X on chain 22. (R11-67)
 Warning: Chain 7 not observable with X on chain 24. (R11-68)
 Warning: Chain 8 not observable with X on chain 12. (R11-69)
 Warning: Chain 12 not observable with X on chain 8. (R11-70)
 Warning: Chain 8 not observable with X on chain 16. (R11-71)
 Warning: Chain 16 not observable with X on chain 8. (R11-72)
 Warning: Chain 8 not observable with X on chain 19. (R11-73)
 Warning: Chain 8 not observable with X on chain 21. (R11-74)
 Warning: Chain 8 not observable with X on chain 23. (R11-75)
 Warning: Chain 9 not observable with X on chain 13. (R11-76)
 Warning: Chain 13 not observable with X on chain 9. (R11-77)
 Warning: Chain 9 not observable with X on chain 17. (R11-78)
 Warning: Chain 17 not observable with X on chain 9. (R11-79)
 Warning: Chain 9 not observable with X on chain 19. (R11-80)
 Warning: Chain 9 not observable with X on chain 21. (R11-81)
 Warning: Chain 9 not observable with X on chain 23. (R11-82)
 Warning: Chain 10 not observable with X on chain 14. (R11-83)
 Warning: Chain 14 not observable with X on chain 10. (R11-84)
 Warning: Chain 10 not observable with X on chain 18. (R11-85)
 Warning: Chain 10 not observable with X on chain 20. (R11-86)
 Warning: Chain 10 not observable with X on chain 22. (R11-87)
 Warning: Chain 10 not observable with X on chain 24. (R11-88)
 Warning: Chain 11 not observable with X on chain 15. (R11-89)
 Warning: Chain 15 not observable with X on chain 11. (R11-90)
 Warning: Chain 11 not observable with X on chain 18. (R11-91)
 Warning: Chain 11 not observable with X on chain 20. (R11-92)
 Warning: Chain 11 not observable with X on chain 22. (R11-93)
 Warning: Chain 11 not observable with X on chain 24. (R11-94)
 Warning: Chain 12 not observable with X on chain 16. (R11-95)
 Warning: Chain 16 not observable with X on chain 12. (R11-96)
 Warning: Chain 12 not observable with X on chain 19. (R11-97)
 Warning: Chain 12 not observable with X on chain 21. (R11-98)
 Warning: Chain 12 not observable with X on chain 23. (R11-99)
 Warning: Chain 13 not observable with X on chain 17. (R11-100)
 Warning: Chain 17 not observable with X on chain 13. (R11-101)
 Warning: Chain 13 not observable with X on chain 19. (R11-102)
 Warning: Chain 13 not observable with X on chain 21. (R11-103)
 Warning: Chain 13 not observable with X on chain 23. (R11-104)
 Warning: Chain 14 not observable with X on chain 18. (R11-105)
 Warning: Chain 14 not observable with X on chain 20. (R11-106)
 Warning: Chain 14 not observable with X on chain 22. (R11-107)
 Warning: Chain 14 not observable with X on chain 24. (R11-108)
 Warning: Chain 15 not observable with X on chain 18. (R11-109)
 Warning: Chain 15 not observable with X on chain 20. (R11-110)
 Warning: Chain 15 not observable with X on chain 22. (R11-111)
 Warning: Chain 15 not observable with X on chain 24. (R11-112)
 Warning: Chain 16 not observable with X on chain 19. (R11-113)
 Warning: Chain 16 not observable with X on chain 21. (R11-114)
 Warning: Chain 16 not observable with X on chain 23. (R11-115)
 Warning: Chain 17 not observable with X on chain 19. (R11-116)
 Warning: Chain 17 not observable with X on chain 21. (R11-117)
 Warning: Chain 17 not observable with X on chain 23. (R11-118)
 Warning: Chain 18 not observable with X on chain 20. (R11-119)
 Warning: Chain 20 not observable with X on chain 18. (R11-120)
 Warning: Chain 18 not observable with X on chain 22. (R11-121)
 Warning: Chain 22 not observable with X on chain 18. (R11-122)
 Warning: Chain 18 not observable with X on chain 24. (R11-123)
 Warning: Chain 24 not observable with X on chain 18. (R11-124)
 Warning: Chain 19 not observable with X on chain 21. (R11-125)
 Warning: Chain 21 not observable with X on chain 19. (R11-126)
 Warning: Chain 19 not observable with X on chain 23. (R11-127)
 Warning: Chain 23 not observable with X on chain 19. (R11-128)
 Warning: Chain 20 not observable with X on chain 22. (R11-129)
 Warning: Chain 22 not observable with X on chain 20. (R11-130)
 Warning: Chain 20 not observable with X on chain 24. (R11-131)
 Warning: Chain 24 not observable with X on chain 20. (R11-132)
 Warning: Chain 21 not observable with X on chain 23. (R11-133)
 Warning: Chain 23 not observable with X on chain 21. (R11-134)
 Warning: Chain 22 not observable with X on chain 24. (R11-135)
 Warning: Chain 24 not observable with X on chain 22. (R11-136)
 Warning: Nonclock chains 3 and 4 are not independent when clock chain inputs are ignored. (R30-1)
 Warning: Nonclock chains 3 and 5 are not independent when clock chain inputs are ignored. (R30-2)
 Warning: Nonclock chains 3 and 6 are not independent when clock chain inputs are ignored. (R30-3)
 Warning: Nonclock chains 3 and 7 are not independent when clock chain inputs are ignored. (R30-4)
 Warning: Nonclock chains 3 and 8 are not independent when clock chain inputs are ignored. (R30-5)
 Warning: Nonclock chains 3 and 9 are not independent when clock chain inputs are ignored. (R30-6)
 Warning: Nonclock chains 3 and 10 are not independent when clock chain inputs are ignored. (R30-7)
 Warning: Nonclock chains 3 and 11 are not independent when clock chain inputs are ignored. (R30-8)
 Warning: Nonclock chains 3 and 12 are not independent when clock chain inputs are ignored. (R30-9)
 Warning: Nonclock chains 3 and 13 are not independent when clock chain inputs are ignored. (R30-10)
 Warning: Nonclock chains 3 and 14 are not independent when clock chain inputs are ignored. (R30-11)
 Warning: Nonclock chains 3 and 15 are not independent when clock chain inputs are ignored. (R30-12)
 Warning: Nonclock chains 3 and 16 are not independent when clock chain inputs are ignored. (R30-13)
 Warning: Nonclock chains 3 and 17 are not independent when clock chain inputs are ignored. (R30-14)
 Warning: Nonclock chains 3 and 18 are not independent when clock chain inputs are ignored. (R30-15)
 Warning: Nonclock chains 3 and 19 are not independent when clock chain inputs are ignored. (R30-16)
 Warning: Nonclock chains 3 and 20 are not independent when clock chain inputs are ignored. (R30-17)
 Warning: Nonclock chains 3 and 21 are not independent when clock chain inputs are ignored. (R30-18)
 Warning: Nonclock chains 3 and 22 are not independent when clock chain inputs are ignored. (R30-19)
 Warning: Nonclock chains 3 and 23 are not independent when clock chain inputs are ignored. (R30-20)
 Warning: Nonclock chains 3 and 24 are not independent when clock chain inputs are ignored. (R30-21)
 Warning: Nonclock chains 4 and 5 are not independent when clock chain inputs are ignored. (R30-22)
 Warning: Nonclock chains 4 and 6 are not independent when clock chain inputs are ignored. (R30-23)
 Warning: Nonclock chains 4 and 7 are not independent when clock chain inputs are ignored. (R30-24)
 Warning: Nonclock chains 4 and 8 are not independent when clock chain inputs are ignored. (R30-25)
 Warning: Nonclock chains 4 and 9 are not independent when clock chain inputs are ignored. (R30-26)
 Warning: Nonclock chains 4 and 10 are not independent when clock chain inputs are ignored. (R30-27)
 Warning: Nonclock chains 4 and 11 are not independent when clock chain inputs are ignored. (R30-28)
 Warning: Nonclock chains 4 and 12 are not independent when clock chain inputs are ignored. (R30-29)
 Warning: Nonclock chains 4 and 13 are not independent when clock chain inputs are ignored. (R30-30)
 Warning: Nonclock chains 4 and 14 are not independent when clock chain inputs are ignored. (R30-31)
 Warning: Nonclock chains 4 and 15 are not independent when clock chain inputs are ignored. (R30-32)
 Warning: Nonclock chains 4 and 16 are not independent when clock chain inputs are ignored. (R30-33)
 Warning: Nonclock chains 4 and 17 are not independent when clock chain inputs are ignored. (R30-34)
 Warning: Nonclock chains 4 and 18 are not independent when clock chain inputs are ignored. (R30-35)
 Warning: Nonclock chains 4 and 19 are not independent when clock chain inputs are ignored. (R30-36)
 Warning: Nonclock chains 4 and 20 are not independent when clock chain inputs are ignored. (R30-37)
 Warning: Nonclock chains 4 and 21 are not independent when clock chain inputs are ignored. (R30-38)
 Warning: Nonclock chains 4 and 22 are not independent when clock chain inputs are ignored. (R30-39)
 Warning: Nonclock chains 4 and 23 are not independent when clock chain inputs are ignored. (R30-40)
 Warning: Nonclock chains 4 and 24 are not independent when clock chain inputs are ignored. (R30-41)
 Warning: Nonclock chains 5 and 6 are not independent when clock chain inputs are ignored. (R30-42)
 Warning: Nonclock chains 5 and 7 are not independent when clock chain inputs are ignored. (R30-43)
 Warning: Nonclock chains 5 and 8 are not independent when clock chain inputs are ignored. (R30-44)
 Warning: Nonclock chains 5 and 9 are not independent when clock chain inputs are ignored. (R30-45)
 Warning: Nonclock chains 5 and 10 are not independent when clock chain inputs are ignored. (R30-46)
 Warning: Nonclock chains 5 and 11 are not independent when clock chain inputs are ignored. (R30-47)
 Warning: Nonclock chains 5 and 12 are not independent when clock chain inputs are ignored. (R30-48)
 Warning: Nonclock chains 5 and 13 are not independent when clock chain inputs are ignored. (R30-49)
 Warning: Nonclock chains 5 and 14 are not independent when clock chain inputs are ignored. (R30-50)
 Warning: Nonclock chains 5 and 15 are not independent when clock chain inputs are ignored. (R30-51)
 Warning: Nonclock chains 5 and 16 are not independent when clock chain inputs are ignored. (R30-52)
 Warning: Nonclock chains 5 and 17 are not independent when clock chain inputs are ignored. (R30-53)
 Warning: Nonclock chains 5 and 18 are not independent when clock chain inputs are ignored. (R30-54)
 Warning: Nonclock chains 5 and 19 are not independent when clock chain inputs are ignored. (R30-55)
 Warning: Nonclock chains 5 and 20 are not independent when clock chain inputs are ignored. (R30-56)
 Warning: Nonclock chains 5 and 21 are not independent when clock chain inputs are ignored. (R30-57)
 Warning: Nonclock chains 5 and 22 are not independent when clock chain inputs are ignored. (R30-58)
 Warning: Nonclock chains 5 and 23 are not independent when clock chain inputs are ignored. (R30-59)
 Warning: Nonclock chains 5 and 24 are not independent when clock chain inputs are ignored. (R30-60)
 Warning: Nonclock chains 6 and 7 are not independent when clock chain inputs are ignored. (R30-61)
 Warning: Nonclock chains 6 and 8 are not independent when clock chain inputs are ignored. (R30-62)
 Warning: Nonclock chains 6 and 9 are not independent when clock chain inputs are ignored. (R30-63)
 Warning: Nonclock chains 6 and 10 are not independent when clock chain inputs are ignored. (R30-64)
 Warning: Nonclock chains 6 and 11 are not independent when clock chain inputs are ignored. (R30-65)
 Warning: Nonclock chains 6 and 12 are not independent when clock chain inputs are ignored. (R30-66)
 Warning: Nonclock chains 6 and 13 are not independent when clock chain inputs are ignored. (R30-67)
 Warning: Nonclock chains 6 and 14 are not independent when clock chain inputs are ignored. (R30-68)
 Warning: Nonclock chains 6 and 15 are not independent when clock chain inputs are ignored. (R30-69)
 Warning: Nonclock chains 6 and 16 are not independent when clock chain inputs are ignored. (R30-70)
 Warning: Nonclock chains 6 and 17 are not independent when clock chain inputs are ignored. (R30-71)
 Warning: Nonclock chains 6 and 18 are not independent when clock chain inputs are ignored. (R30-72)
 Warning: Nonclock chains 6 and 19 are not independent when clock chain inputs are ignored. (R30-73)
 Warning: Nonclock chains 6 and 20 are not independent when clock chain inputs are ignored. (R30-74)
 Warning: Nonclock chains 6 and 21 are not independent when clock chain inputs are ignored. (R30-75)
 Warning: Nonclock chains 6 and 22 are not independent when clock chain inputs are ignored. (R30-76)
 Warning: Nonclock chains 6 and 23 are not independent when clock chain inputs are ignored. (R30-77)
 Warning: Nonclock chains 6 and 24 are not independent when clock chain inputs are ignored. (R30-78)
 Warning: Nonclock chains 7 and 8 are not independent when clock chain inputs are ignored. (R30-79)
 Warning: Nonclock chains 7 and 9 are not independent when clock chain inputs are ignored. (R30-80)
 Warning: Nonclock chains 7 and 10 are not independent when clock chain inputs are ignored. (R30-81)
 Warning: Nonclock chains 7 and 11 are not independent when clock chain inputs are ignored. (R30-82)
 Warning: Nonclock chains 7 and 12 are not independent when clock chain inputs are ignored. (R30-83)
 Warning: Nonclock chains 7 and 13 are not independent when clock chain inputs are ignored. (R30-84)
 Warning: Nonclock chains 7 and 14 are not independent when clock chain inputs are ignored. (R30-85)
 Warning: Nonclock chains 7 and 15 are not independent when clock chain inputs are ignored. (R30-86)
 Warning: Nonclock chains 7 and 16 are not independent when clock chain inputs are ignored. (R30-87)
 Warning: Nonclock chains 7 and 17 are not independent when clock chain inputs are ignored. (R30-88)
 Warning: Nonclock chains 7 and 18 are not independent when clock chain inputs are ignored. (R30-89)
 Warning: Nonclock chains 7 and 19 are not independent when clock chain inputs are ignored. (R30-90)
 Warning: Nonclock chains 7 and 20 are not independent when clock chain inputs are ignored. (R30-91)
 Warning: Nonclock chains 7 and 21 are not independent when clock chain inputs are ignored. (R30-92)
 Warning: Nonclock chains 7 and 22 are not independent when clock chain inputs are ignored. (R30-93)
 Warning: Nonclock chains 7 and 23 are not independent when clock chain inputs are ignored. (R30-94)
 Warning: Nonclock chains 7 and 24 are not independent when clock chain inputs are ignored. (R30-95)
 Warning: Nonclock chains 8 and 9 are not independent when clock chain inputs are ignored. (R30-96)
 Warning: Nonclock chains 8 and 10 are not independent when clock chain inputs are ignored. (R30-97)
 Warning: Nonclock chains 8 and 11 are not independent when clock chain inputs are ignored. (R30-98)
 Warning: Nonclock chains 8 and 12 are not independent when clock chain inputs are ignored. (R30-99)
 Warning: Nonclock chains 8 and 13 are not independent when clock chain inputs are ignored. (R30-100)
 Warning: Nonclock chains 8 and 14 are not independent when clock chain inputs are ignored. (R30-101)
 Warning: Nonclock chains 8 and 15 are not independent when clock chain inputs are ignored. (R30-102)
 Warning: Nonclock chains 8 and 16 are not independent when clock chain inputs are ignored. (R30-103)
 Warning: Nonclock chains 8 and 17 are not independent when clock chain inputs are ignored. (R30-104)
 Warning: Nonclock chains 8 and 18 are not independent when clock chain inputs are ignored. (R30-105)
 Warning: Nonclock chains 8 and 19 are not independent when clock chain inputs are ignored. (R30-106)
 Warning: Nonclock chains 8 and 20 are not independent when clock chain inputs are ignored. (R30-107)
 Warning: Nonclock chains 8 and 21 are not independent when clock chain inputs are ignored. (R30-108)
 Warning: Nonclock chains 8 and 22 are not independent when clock chain inputs are ignored. (R30-109)
 Warning: Nonclock chains 8 and 23 are not independent when clock chain inputs are ignored. (R30-110)
 Warning: Nonclock chains 8 and 24 are not independent when clock chain inputs are ignored. (R30-111)
 Warning: Nonclock chains 9 and 10 are not independent when clock chain inputs are ignored. (R30-112)
 Warning: Nonclock chains 9 and 11 are not independent when clock chain inputs are ignored. (R30-113)
 Warning: Nonclock chains 9 and 12 are not independent when clock chain inputs are ignored. (R30-114)
 Warning: Nonclock chains 9 and 13 are not independent when clock chain inputs are ignored. (R30-115)
 Warning: Nonclock chains 9 and 14 are not independent when clock chain inputs are ignored. (R30-116)
 Warning: Nonclock chains 9 and 15 are not independent when clock chain inputs are ignored. (R30-117)
 Warning: Nonclock chains 9 and 16 are not independent when clock chain inputs are ignored. (R30-118)
 Warning: Nonclock chains 9 and 17 are not independent when clock chain inputs are ignored. (R30-119)
 Warning: Nonclock chains 9 and 18 are not independent when clock chain inputs are ignored. (R30-120)
 Warning: Nonclock chains 9 and 19 are not independent when clock chain inputs are ignored. (R30-121)
 Warning: Nonclock chains 9 and 20 are not independent when clock chain inputs are ignored. (R30-122)
 Warning: Nonclock chains 9 and 21 are not independent when clock chain inputs are ignored. (R30-123)
 Warning: Nonclock chains 9 and 22 are not independent when clock chain inputs are ignored. (R30-124)
 Warning: Nonclock chains 9 and 23 are not independent when clock chain inputs are ignored. (R30-125)
 Warning: Nonclock chains 9 and 24 are not independent when clock chain inputs are ignored. (R30-126)
 Warning: Nonclock chains 10 and 11 are not independent when clock chain inputs are ignored. (R30-127)
 Warning: Nonclock chains 10 and 12 are not independent when clock chain inputs are ignored. (R30-128)
 Warning: Nonclock chains 10 and 13 are not independent when clock chain inputs are ignored. (R30-129)
 Warning: Nonclock chains 10 and 14 are not independent when clock chain inputs are ignored. (R30-130)
 Warning: Nonclock chains 10 and 15 are not independent when clock chain inputs are ignored. (R30-131)
 Warning: Nonclock chains 10 and 16 are not independent when clock chain inputs are ignored. (R30-132)
 Warning: Nonclock chains 10 and 17 are not independent when clock chain inputs are ignored. (R30-133)
 Warning: Nonclock chains 10 and 18 are not independent when clock chain inputs are ignored. (R30-134)
 Warning: Nonclock chains 10 and 19 are not independent when clock chain inputs are ignored. (R30-135)
 Warning: Nonclock chains 10 and 20 are not independent when clock chain inputs are ignored. (R30-136)
 Warning: Nonclock chains 10 and 21 are not independent when clock chain inputs are ignored. (R30-137)
 Warning: Nonclock chains 10 and 22 are not independent when clock chain inputs are ignored. (R30-138)
 Warning: Nonclock chains 10 and 23 are not independent when clock chain inputs are ignored. (R30-139)
 Warning: Nonclock chains 10 and 24 are not independent when clock chain inputs are ignored. (R30-140)
 Warning: Nonclock chains 11 and 12 are not independent when clock chain inputs are ignored. (R30-141)
 Warning: Nonclock chains 11 and 13 are not independent when clock chain inputs are ignored. (R30-142)
 Warning: Nonclock chains 11 and 14 are not independent when clock chain inputs are ignored. (R30-143)
 Warning: Nonclock chains 11 and 15 are not independent when clock chain inputs are ignored. (R30-144)
 Warning: Nonclock chains 11 and 16 are not independent when clock chain inputs are ignored. (R30-145)
 Warning: Nonclock chains 11 and 17 are not independent when clock chain inputs are ignored. (R30-146)
 Warning: Nonclock chains 11 and 18 are not independent when clock chain inputs are ignored. (R30-147)
 Warning: Nonclock chains 11 and 19 are not independent when clock chain inputs are ignored. (R30-148)
 Warning: Nonclock chains 11 and 20 are not independent when clock chain inputs are ignored. (R30-149)
 Warning: Nonclock chains 11 and 21 are not independent when clock chain inputs are ignored. (R30-150)
 Warning: Nonclock chains 11 and 22 are not independent when clock chain inputs are ignored. (R30-151)
 Warning: Nonclock chains 11 and 23 are not independent when clock chain inputs are ignored. (R30-152)
 Warning: Nonclock chains 11 and 24 are not independent when clock chain inputs are ignored. (R30-153)
 Warning: Nonclock chains 12 and 13 are not independent when clock chain inputs are ignored. (R30-154)
 Warning: Nonclock chains 12 and 14 are not independent when clock chain inputs are ignored. (R30-155)
 Warning: Nonclock chains 12 and 15 are not independent when clock chain inputs are ignored. (R30-156)
 Warning: Nonclock chains 12 and 16 are not independent when clock chain inputs are ignored. (R30-157)
 Warning: Nonclock chains 12 and 17 are not independent when clock chain inputs are ignored. (R30-158)
 Warning: Nonclock chains 12 and 18 are not independent when clock chain inputs are ignored. (R30-159)
 Warning: Nonclock chains 12 and 19 are not independent when clock chain inputs are ignored. (R30-160)
 Warning: Nonclock chains 12 and 20 are not independent when clock chain inputs are ignored. (R30-161)
 Warning: Nonclock chains 12 and 21 are not independent when clock chain inputs are ignored. (R30-162)
 Warning: Nonclock chains 12 and 22 are not independent when clock chain inputs are ignored. (R30-163)
 Warning: Nonclock chains 12 and 23 are not independent when clock chain inputs are ignored. (R30-164)
 Warning: Nonclock chains 12 and 24 are not independent when clock chain inputs are ignored. (R30-165)
 Warning: Nonclock chains 13 and 14 are not independent when clock chain inputs are ignored. (R30-166)
 Warning: Nonclock chains 13 and 15 are not independent when clock chain inputs are ignored. (R30-167)
 Warning: Nonclock chains 13 and 16 are not independent when clock chain inputs are ignored. (R30-168)
 Warning: Nonclock chains 13 and 17 are not independent when clock chain inputs are ignored. (R30-169)
 Warning: Nonclock chains 13 and 18 are not independent when clock chain inputs are ignored. (R30-170)
 Warning: Nonclock chains 13 and 19 are not independent when clock chain inputs are ignored. (R30-171)
 Warning: Nonclock chains 13 and 20 are not independent when clock chain inputs are ignored. (R30-172)
 Warning: Nonclock chains 13 and 21 are not independent when clock chain inputs are ignored. (R30-173)
 Warning: Nonclock chains 13 and 22 are not independent when clock chain inputs are ignored. (R30-174)
 Warning: Nonclock chains 13 and 23 are not independent when clock chain inputs are ignored. (R30-175)
 Warning: Nonclock chains 13 and 24 are not independent when clock chain inputs are ignored. (R30-176)
 Warning: Nonclock chains 14 and 15 are not independent when clock chain inputs are ignored. (R30-177)
 Warning: Nonclock chains 14 and 16 are not independent when clock chain inputs are ignored. (R30-178)
 Warning: Nonclock chains 14 and 17 are not independent when clock chain inputs are ignored. (R30-179)
 Warning: Nonclock chains 14 and 18 are not independent when clock chain inputs are ignored. (R30-180)
 Warning: Nonclock chains 14 and 19 are not independent when clock chain inputs are ignored. (R30-181)
 Warning: Nonclock chains 14 and 20 are not independent when clock chain inputs are ignored. (R30-182)
 Warning: Nonclock chains 14 and 21 are not independent when clock chain inputs are ignored. (R30-183)
 Warning: Nonclock chains 14 and 22 are not independent when clock chain inputs are ignored. (R30-184)
 Warning: Nonclock chains 14 and 23 are not independent when clock chain inputs are ignored. (R30-185)
 Warning: Nonclock chains 14 and 24 are not independent when clock chain inputs are ignored. (R30-186)
 Warning: Nonclock chains 15 and 16 are not independent when clock chain inputs are ignored. (R30-187)
 Warning: Nonclock chains 15 and 17 are not independent when clock chain inputs are ignored. (R30-188)
 Warning: Nonclock chains 15 and 18 are not independent when clock chain inputs are ignored. (R30-189)
 Warning: Nonclock chains 15 and 19 are not independent when clock chain inputs are ignored. (R30-190)
 Warning: Nonclock chains 15 and 20 are not independent when clock chain inputs are ignored. (R30-191)
 Warning: Nonclock chains 15 and 21 are not independent when clock chain inputs are ignored. (R30-192)
 Warning: Nonclock chains 15 and 22 are not independent when clock chain inputs are ignored. (R30-193)
 Warning: Nonclock chains 15 and 23 are not independent when clock chain inputs are ignored. (R30-194)
 Warning: Nonclock chains 15 and 24 are not independent when clock chain inputs are ignored. (R30-195)
 Warning: Nonclock chains 16 and 17 are not independent when clock chain inputs are ignored. (R30-196)
 Warning: Nonclock chains 16 and 18 are not independent when clock chain inputs are ignored. (R30-197)
 Warning: Nonclock chains 16 and 19 are not independent when clock chain inputs are ignored. (R30-198)
 Warning: Nonclock chains 16 and 20 are not independent when clock chain inputs are ignored. (R30-199)
 Warning: Nonclock chains 16 and 21 are not independent when clock chain inputs are ignored. (R30-200)
 Warning: Nonclock chains 16 and 22 are not independent when clock chain inputs are ignored. (R30-201)
 Warning: Nonclock chains 16 and 23 are not independent when clock chain inputs are ignored. (R30-202)
 Warning: Nonclock chains 16 and 24 are not independent when clock chain inputs are ignored. (R30-203)
 Warning: Nonclock chains 17 and 18 are not independent when clock chain inputs are ignored. (R30-204)
 Warning: Nonclock chains 17 and 19 are not independent when clock chain inputs are ignored. (R30-205)
 Warning: Nonclock chains 17 and 20 are not independent when clock chain inputs are ignored. (R30-206)
 Warning: Nonclock chains 17 and 21 are not independent when clock chain inputs are ignored. (R30-207)
 Warning: Nonclock chains 17 and 22 are not independent when clock chain inputs are ignored. (R30-208)
 Warning: Nonclock chains 17 and 23 are not independent when clock chain inputs are ignored. (R30-209)
 Warning: Nonclock chains 17 and 24 are not independent when clock chain inputs are ignored. (R30-210)
 Warning: Nonclock chains 18 and 19 are not independent when clock chain inputs are ignored. (R30-211)
 Warning: Nonclock chains 18 and 20 are not independent when clock chain inputs are ignored. (R30-212)
 Warning: Nonclock chains 18 and 21 are not independent when clock chain inputs are ignored. (R30-213)
 Warning: Nonclock chains 18 and 22 are not independent when clock chain inputs are ignored. (R30-214)
 Warning: Nonclock chains 18 and 23 are not independent when clock chain inputs are ignored. (R30-215)
 Warning: Nonclock chains 18 and 24 are not independent when clock chain inputs are ignored. (R30-216)
 Warning: Nonclock chains 19 and 20 are not independent when clock chain inputs are ignored. (R30-217)
 Warning: Nonclock chains 19 and 21 are not independent when clock chain inputs are ignored. (R30-218)
 Warning: Nonclock chains 19 and 22 are not independent when clock chain inputs are ignored. (R30-219)
 Warning: Nonclock chains 19 and 23 are not independent when clock chain inputs are ignored. (R30-220)
 Warning: Nonclock chains 19 and 24 are not independent when clock chain inputs are ignored. (R30-221)
 Warning: Nonclock chains 20 and 21 are not independent when clock chain inputs are ignored. (R30-222)
 Warning: Nonclock chains 20 and 22 are not independent when clock chain inputs are ignored. (R30-223)
 Warning: Nonclock chains 20 and 23 are not independent when clock chain inputs are ignored. (R30-224)
 Warning: Nonclock chains 20 and 24 are not independent when clock chain inputs are ignored. (R30-225)
 Warning: Nonclock chains 21 and 22 are not independent when clock chain inputs are ignored. (R30-226)
 Warning: Nonclock chains 21 and 23 are not independent when clock chain inputs are ignored. (R30-227)
 Warning: Nonclock chains 21 and 24 are not independent when clock chain inputs are ignored. (R30-228)
 Warning: Nonclock chains 22 and 23 are not independent when clock chain inputs are ignored. (R30-229)
 Warning: Nonclock chains 22 and 24 are not independent when clock chain inputs are ignored. (R30-230)
 Warning: Nonclock chains 23 and 24 are not independent when clock chain inputs are ignored. (R30-231)
