 str   NO   U106/A1                    0.7600 
 str   NO   U121/A2                    0.5700 
 str   NO   U180/A1                    0.4400 
 str   NO   U177/A1                    0.4300 
 str   NO   U177/Z                     0.3600 
 stf   NO   U175/ZN                    0.3200 
 str   NO   U175/ZN                    0.3900 
 str   NO   U240/ZN                    5.5700 
 stf   NO   U248/I1                    5.7400 
 stf   NO   U248/S                     4.6600 
 stf   NO   U245/I1                    5.7500 
 str   NO   U245/I1                    5.7000 
 stf   NO   U245/S                     4.4700 
 str   NO   U245/S                     4.5100 
 str   NO   U242/I1                    5.6700 
 stf   NO   U242/S                     4.2900 
 str   NO   U242/S                     4.3300 
 str   NO   U242/Z                     4.2900 
 stf   NO   U255/C2                    5.7800 
 str   NO   U255/C2                    5.9000 
 str   NO   fifo_mem/U194/S            1.1800 
 str   NO   fifo_mem/U142/S            1.1700 
 str   NO   fifo_mem/U2/ZN             1.1800 
 str   NO   fifo_mem/U3/ZN             1.1700 
 stf   NO   fifo_mem/U3/A2             1.1700 
 str   NO   fifo_mem/U4/ZN             1.1800 
 stf   NO   fifo_mem/U4/A2             1.2600 
 str   NO   fifo_mem/U5/ZN             1.1800 
 str   NO   fifo_mem/U6/ZN             1.1700 
 stf   NO   fifo_mem/U6/A2             1.1700 
 str   NO   fifo_mem/U7/ZN             1.1800 
 stf   NO   fifo_mem/U7/A2             1.2600 
 str   NO   fifo_mem/U8/ZN             1.2000 
 str   NO   fifo_mem/U11/ZN            1.1700 
 stf   NO   fifo_mem/U11/A2            1.1700 
 str   NO   fifo_mem/U12/ZN            1.1900 
 stf   NO   fifo_mem/U12/A1            1.2700 
 str   NO   fifo_mem/U13/ZN            1.2000 
 str   NO   fifo_mem/U14/ZN            1.1700 
 str   NO   fifo_mem/U15/ZN            1.1900 
 str   NO   fifo_mem/U16/ZN            1.1800 
 stf   NO   fifo_mem/U16/A2            1.2900 
 str   NO   fifo_mem/U17/ZN            1.1800 
 stf   NO   fifo_mem/U17/A2            1.2900 
 str   NO   fifo_mem/U18/ZN            1.2000 
 stf   NO   fifo_mem/U18/A2            1.2900 
 str   NO   fifo_mem/U19/ZN            1.2000 
 stf   NO   fifo_mem/U19/A2            1.2900 
 stf   NO   fifo_mem/U175/ZN           1.1700 
 str   NO   fifo_mem/U184/A1           1.2900 
 stf   NO   fifo_mem/U184/ZN           1.2900 
