 The max tmgn for small delay defect faults has been set to 2.2194
 ------------------------------------------------------------------------------
 Histogram of Collapsed Fault Distribution
              tmgn
        values     #faults
 -----------------------
   0.1400 -   0.3479: 151     
   0.3479 -   0.5559: 97      
   0.5559 -   0.7638: 72      
   0.7638 -   0.9718: 68      
   0.9718 -   1.1797: 417     
   1.1797 -   1.3877: 273     
   1.3877 -   1.5956: 22      
   1.5956 -   1.8036: 76      
   1.8036 -   2.0115: 86      
   2.0115 -   2.2194: 172     
        >   2.2194: 924     
        Infinite: 2634    
       Undefined: 0       
 --------------------------------------------------------------------------
 Cumulative Distribution of tmgn
           tmgn
       values   #faults
 -----------------------
       0.3479: 151     
       0.5559: 248     
       0.7638: 320     
       0.9718: 388     
       1.1797: 805     
       1.3877: 1078    
       1.5956: 1100    
       1.8036: 1176    
       2.0115: 1262    
       2.2194: 1434    
        < inf: 2358    
     Infinite: 2634    
    Undefined: 0       
 --------------------------------------------------------------------------
 The max tmgn for small delay defect faults has been set to 2.2194
 ------------------------------------------------------------------------------
 Histogram of Collapsed Fault Distribution
              tdet
        values     #faults
 -----------------------
   0.1400 -   0.3479: 1       
   0.3479 -   0.5559: 53      
   0.5559 -   0.7638: 62      
   0.7638 -   0.9718: 109     
   0.9718 -   1.1797: 262     
   1.1797 -   1.3877: 218     
   1.3877 -   1.5956: 20      
   1.5956 -   1.8036: 21      
   1.8036 -   2.0115: 1       
   2.0115 -   2.2194: 131     
        >   2.2194: 520     
        Infinite: 0       
       Undefined: 3594    
 --------------------------------------------------------------------------
 Cumulative Distribution of tdet
           tdet
       values   #faults
 -----------------------
       0.3479: 1       
       0.5559: 54      
       0.7638: 116     
       0.9718: 225     
       1.1797: 487     
       1.3877: 705     
       1.5956: 725     
       1.8036: 746     
       2.0115: 747     
       2.2194: 878     
        < inf: 1398    
     Infinite: 0       
    Undefined: 3594    
 --------------------------------------------------------------------------
 The max tmgn for small delay defect faults has been set to 2.2194
 ------------------------------------------------------------------------------
 Histogram of Collapsed Fault Distribution
              delta
        values     #faults
 -----------------------
   0.0000 -   0.1890: 998     
   0.1890 -   0.3780: 90      
   0.3780 -   0.5670: 73      
   0.5670 -   0.7560: 58      
   0.7560 -   0.9450: 29      
   0.9450 -   1.1340: 44      
   1.1340 -   1.3230: 37      
   1.3230 -   1.5120: 53      
   1.5120 -   1.7010: 10      
   1.7010 -   1.8900: 5       
        >   1.8900: 1       
        Infinite: 0       
       Undefined: 3594    
 --------------------------------------------------------------------------
 Cumulative Distribution of delta
           delta
       values   #faults
 -----------------------
       0.1890: 998     
       0.3780: 1088    
       0.5670: 1161    
       0.7560: 1219    
       0.9450: 1248    
       1.1340: 1292    
       1.3230: 1329    
       1.5120: 1382    
       1.7010: 1392    
       1.8900: 1397    
        < inf: 1398    
     Infinite: 0       
    Undefined: 3594    
 --------------------------------------------------------------------------
