 Warning: Undriven module output pin ( async_fifo_DFT_decode_width8_1_0/B[15] ). (B7-1)
 Warning: Undriven module output pin ( async_fifo_DFT_decode_width8_1_0/B[14] ). (B7-2)
 Warning: Undriven module output pin ( async_fifo_DFT_decode_width8_1_0/B[13] ). (B7-3)
 Warning: Undriven module output pin ( async_fifo_DFT_decode_width8_1_0/B[12] ). (B7-4)
 Warning: Undriven module output pin ( async_fifo_DFT_decode_width8_1_0/B[11] ). (B7-5)
 Warning: Undriven module output pin ( async_fifo_DFT_decode_width8_1_0/B[10] ). (B7-6)
 Warning: Undriven module output pin ( async_fifo_DFT_decode_width8_1_0/B[9] ). (B7-7)
 Warning: Undriven module output pin ( async_fifo_DFT_decode_width8_1_0/B[0] ). (B7-8)
 Warning: Undriven module output pin ( async_fifo_DFT_decode_width8_0_0/B[15] ). (B7-9)
 Warning: Undriven module output pin ( async_fifo_DFT_decode_width8_0_0/B[14] ). (B7-10)
 Warning: Undriven module output pin ( async_fifo_DFT_decode_width8_0_0/B[13] ). (B7-11)
 Warning: Undriven module output pin ( async_fifo_DFT_decode_width8_0_0/B[12] ). (B7-12)
 Warning: Undriven module output pin ( async_fifo_DFT_decode_width8_0_0/B[11] ). (B7-13)
 Warning: Undriven module output pin ( async_fifo_DFT_decode_width8_0_0/B[10] ). (B7-14)
 Warning: Undriven module output pin ( async_fifo_DFT_decode_width8_0_0/B[9] ). (B7-15)
 Warning: Undriven module output pin ( async_fifo_DFT_decode_width8_0_0/B[0] ). (B7-16)
 Warning: Unconnected module input pin ( U_FD_P_RB_NO/NOTIFIER_REG ). (B8-1)
 Warning: Unconnected module input pin ( U_LD_P_RB_NO/NOTI_REG ). (B8-2)
 Warning: Unconnected module input pin ( s_denrq2/notifier ). (B8-3)
 Warning: Unconnected module input pin ( s_deprq1/notifier ). (B8-4)
 Warning: Unconnected module input pin ( s_denrq1/notifier ). (B8-5)
 Warning: Unconnected module input pin ( U_LD_N_NO/NOTI_REG ). (B8-6)
 Warning: Unconnected module input pin ( s_dfcrn1/notifier ). (B8-7)
 Warning: Unconnected module input pin ( s_secrq1/notifier ). (B8-8)
 Warning: Unconnected module input pin ( U_LD_P_NO/NOTI_REG ). (B8-9)
 Warning: Unconnected module input pin ( U_FD_P_SB_NO/NOTIFIER_REG ). (B8-10)
 Warning: Undriven module internal net ( sdcrq1/notifier ). (B9-1)
 Warning: Undriven module internal net ( laclq1/notifier ). (B9-2)
 Warning: Undriven module internal net ( sdcrq2/notifier ). (B9-3)
 Warning: Undriven module internal net ( denrq2/notifier ). (B9-4)
 Warning: Undriven module internal net ( deprq1/notifier ). (B9-5)
 Warning: Undriven module internal net ( denrq1/notifier ). (B9-6)
 Warning: Undriven module internal net ( lanlq1/notifier ). (B9-7)
 Warning: Undriven module internal net ( dfcrn1/notifier ). (B9-8)
 Warning: Undriven module internal net ( dfcrq1/notifier ). (B9-9)
 Warning: Undriven module internal net ( secrq1/notifier ). (B9-10)
 Warning: Undriven module internal net ( lanhq1/notifier ). (B9-11)
 Warning: Undriven module internal net ( sdprb1/notifier ). (B9-12)
 Warning: Unconnected module internal net ( sdcrq1/vcond1 ). (B10-1)
 Warning: Unconnected module internal net ( sdcrq1/vcond2 ). (B10-2)
 Warning: Unconnected module internal net ( sdcrq2/vcond1 ). (B10-3)
 Warning: Unconnected module internal net ( sdcrq2/vcond2 ). (B10-4)
 Warning: Unconnected module internal net ( denrq2/CP_buf ). (B10-5)
 Warning: Unconnected module internal net ( denrq2/BOOL_OUT ). (B10-6)
 Warning: Unconnected module internal net ( deprq1/CP_buf ). (B10-7)
 Warning: Unconnected module internal net ( deprq1/BOOL_OUT ). (B10-8)
 Warning: Unconnected module internal net ( deprq1/vcond1 ). (B10-9)
 Warning: Unconnected module internal net ( denrq1/CP_buf ). (B10-10)
 Warning: Unconnected module internal net ( denrq1/BOOL_OUT ). (B10-11)
 Warning: Unconnected module internal net ( async_fifo_DFT_clk_control_1_0/SYNOPSYS_UNCONNECTED_1 ). (B10-12)
 Warning: Unconnected module internal net ( async_fifo_DFT_clk_control_1_0/SYNOPSYS_UNCONNECTED_2 ). (B10-13)
 Warning: Unconnected module internal net ( async_fifo_DFT_clk_control_1_0/SYNOPSYS_UNCONNECTED_3 ). (B10-14)
 Warning: Unconnected module internal net ( async_fifo_DFT_clk_control_1_0/SYNOPSYS_UNCONNECTED_4 ). (B10-15)
 Warning: Unconnected module internal net ( async_fifo_DFT_clk_control_1_0/SYNOPSYS_UNCONNECTED_5 ). (B10-16)
 Warning: Unconnected module internal net ( async_fifo_DFT_clk_control_1_0/SYNOPSYS_UNCONNECTED_6 ). (B10-17)
 Warning: Unconnected module internal net ( async_fifo_DFT_clk_control_1_0/SYNOPSYS_UNCONNECTED_7 ). (B10-18)
 Warning: Unconnected module internal net ( async_fifo_DFT_clk_control_1_0/SYNOPSYS_UNCONNECTED_8 ). (B10-19)
 Warning: Unconnected module internal net ( async_fifo_DFT_clk_control_0_0/SYNOPSYS_UNCONNECTED_1 ). (B10-20)
 Warning: Unconnected module internal net ( async_fifo_DFT_clk_control_0_0/SYNOPSYS_UNCONNECTED_2 ). (B10-21)
 Warning: Unconnected module internal net ( async_fifo_DFT_clk_control_0_0/SYNOPSYS_UNCONNECTED_3 ). (B10-22)
 Warning: Unconnected module internal net ( async_fifo_DFT_clk_control_0_0/SYNOPSYS_UNCONNECTED_4 ). (B10-23)
 Warning: Unconnected module internal net ( async_fifo_DFT_clk_control_0_0/SYNOPSYS_UNCONNECTED_5 ). (B10-24)
 Warning: Unconnected module internal net ( async_fifo_DFT_clk_control_0_0/SYNOPSYS_UNCONNECTED_6 ). (B10-25)
 Warning: Unconnected module internal net ( async_fifo_DFT_clk_control_0_0/SYNOPSYS_UNCONNECTED_7 ). (B10-26)
 Warning: Unconnected module internal net ( async_fifo_DFT_clk_control_0_0/SYNOPSYS_UNCONNECTED_8 ). (B10-27)
 Warning: Unconnected module internal net ( secrq1/vcond1 ). (B10-28)
 Warning: Unconnected module internal net ( secrq1/vcond_CDN_vio ). (B10-29)
 Warning: Unconnected module internal net ( secrq1/vcond_ENN_vio ). (B10-30)
 Warning: Unconnected module internal net ( secrq1/vcond_D_vio ). (B10-31)
 Warning: Unconnected module internal net ( secrq1/vcond2 ). (B10-32)
 Warning: Unconnected module internal net ( sdprb1/vcond1 ). (B10-33)
 Warning: Unconnected module internal net ( sdprb1/vcond2 ). (B10-34)
 Warning: Nonscan DLAT LOCKUP (1368) disturbed during time 45 of shift procedure. (S19-1)
 Warning: Nonscan DFF occ_wclk/U_clk_control_i_0/pipeline_or_tree_l_reg (1548) disturbed during time 45 of shift procedure. (S19-2)
 Warning: Nonscan DFF occ_wclk/U_clk_control_i_0/fast_clk_enable_l_reg (1549) disturbed during time 45 of shift procedure. (S19-3)
 Warning: Nonscan DFF occ_wclk/U_clk_control_i_0/slow_clk_enable_l_reg (1550) disturbed during time 45 of shift procedure. (S19-4)
 Warning: Nonscan DFF occ_wclk/U_clk_control_i_0/load_n_meta_0_l_reg (1551) disturbed during time 45 of shift procedure. (S19-5)
 Warning: Nonscan DFF occ_wclk/U_clk_control_i_0/load_n_meta_1_l_reg (1552) disturbed during time 45 of shift procedure. (S19-6)
 Warning: Nonscan DFF occ_wclk/U_clk_control_i_0/load_n_meta_2_l_reg (1553) disturbed during time 45 of shift procedure. (S19-7)
 Warning: Nonscan DFF occ_wclk/U_clk_control_i_0/U_cycle_ctr_i/count_int_reg_0_ (1554) disturbed during time 45 of shift procedure. (S19-8)
 Warning: Nonscan DFF occ_wclk/U_clk_control_i_0/U_cycle_ctr_i/count_int_reg_1_ (1555) disturbed during time 45 of shift procedure. (S19-9)
 Warning: Nonscan DFF occ_wclk/U_clk_control_i_0/U_cycle_ctr_i/count_int_reg_2_ (1556) disturbed during time 45 of shift procedure. (S19-10)
 Warning: Nonscan DFF occ_wclk/U_clk_control_i_0/U_cycle_ctr_i/count_int_reg_3_ (1557) disturbed during time 45 of shift procedure. (S19-11)
 Warning: Nonscan DFF occ_wclk/U_clk_control_i_0/U_cycle_ctr_i/tercnt_n_reg_reg (1558) disturbed during time 45 of shift procedure. (S19-12)
 Warning: Nonscan DFF occ_rclk/U_clk_control_i_0/pipeline_or_tree_l_reg (1567) disturbed during time 45 of shift procedure. (S19-13)
 Warning: Nonscan DFF occ_rclk/U_clk_control_i_0/fast_clk_enable_l_reg (1568) disturbed during time 45 of shift procedure. (S19-14)
 Warning: Nonscan DFF occ_rclk/U_clk_control_i_0/slow_clk_enable_l_reg (1569) disturbed during time 45 of shift procedure. (S19-15)
 Warning: Nonscan DFF occ_rclk/U_clk_control_i_0/load_n_meta_0_l_reg (1570) disturbed during time 45 of shift procedure. (S19-16)
 Warning: Nonscan DFF occ_rclk/U_clk_control_i_0/load_n_meta_1_l_reg (1571) disturbed during time 45 of shift procedure. (S19-17)
 Warning: Nonscan DFF occ_rclk/U_clk_control_i_0/load_n_meta_2_l_reg (1572) disturbed during time 45 of shift procedure. (S19-18)
 Warning: Nonscan DFF occ_rclk/U_clk_control_i_0/U_cycle_ctr_i/count_int_reg_0_ (1573) disturbed during time 45 of shift procedure. (S19-19)
 Warning: Nonscan DFF occ_rclk/U_clk_control_i_0/U_cycle_ctr_i/count_int_reg_1_ (1574) disturbed during time 45 of shift procedure. (S19-20)
 Warning: Nonscan DFF occ_rclk/U_clk_control_i_0/U_cycle_ctr_i/count_int_reg_2_ (1575) disturbed during time 45 of shift procedure. (S19-21)
 Warning: Nonscan DFF occ_rclk/U_clk_control_i_0/U_cycle_ctr_i/count_int_reg_3_ (1576) disturbed during time 45 of shift procedure. (S19-22)
 Warning: Nonscan DFF occ_rclk/U_clk_control_i_0/U_cycle_ctr_i/tercnt_n_reg_reg (1577) disturbed during time 45 of shift procedure. (S19-23)
 Warning: Clock PIs off failed to allow transparency of nonscan DLAT LOCKUP (1368). (C3-1)
 Warning: Line 541 (./occ_bypass_protocols/async_fifo_TM4.spf), unused item (Group "int_occ_group" domain "" not used; first chain: "1"). (V6-1)
 Warning: Chains 1 and 19 have the same unload signature. (R10-1)
 Warning: Chains 1 and 21 have the same unload signature. (R10-2)
 Warning: Chains 1 and 23 have the same unload signature. (R10-3)
 Warning: Chains 2 and 6 have the same unload signature. (R10-4)
 Warning: Chains 2 and 10 have the same unload signature. (R10-5)
 Warning: Chains 2 and 14 have the same unload signature. (R10-6)
 Warning: Chains 3 and 7 have the same unload signature. (R10-7)
 Warning: Chains 3 and 11 have the same unload signature. (R10-8)
 Warning: Chains 3 and 15 have the same unload signature. (R10-9)
 Warning: Chains 4 and 8 have the same unload signature. (R10-10)
 Warning: Chains 4 and 12 have the same unload signature. (R10-11)
 Warning: Chains 4 and 16 have the same unload signature. (R10-12)
 Warning: Chains 5 and 9 have the same unload signature. (R10-13)
 Warning: Chains 5 and 13 have the same unload signature. (R10-14)
 Warning: Chains 5 and 17 have the same unload signature. (R10-15)
 Warning: Chains 6 and 10 have the same unload signature. (R10-16)
 Warning: Chains 6 and 14 have the same unload signature. (R10-17)
 Warning: Chains 7 and 11 have the same unload signature. (R10-18)
 Warning: Chains 7 and 15 have the same unload signature. (R10-19)
 Warning: Chains 8 and 12 have the same unload signature. (R10-20)
 Warning: Chains 8 and 16 have the same unload signature. (R10-21)
 Warning: Chains 9 and 13 have the same unload signature. (R10-22)
 Warning: Chains 9 and 17 have the same unload signature. (R10-23)
 Warning: Chains 10 and 14 have the same unload signature. (R10-24)
 Warning: Chains 11 and 15 have the same unload signature. (R10-25)
 Warning: Chains 12 and 16 have the same unload signature. (R10-26)
 Warning: Chains 13 and 17 have the same unload signature. (R10-27)
 Warning: Chains 18 and 20 have the same unload signature. (R10-28)
 Warning: Chains 18 and 22 have the same unload signature. (R10-29)
 Warning: Chains 18 and 24 have the same unload signature. (R10-30)
 Warning: Chains 19 and 21 have the same unload signature. (R10-31)
 Warning: Chains 19 and 23 have the same unload signature. (R10-32)
 Warning: Chains 20 and 22 have the same unload signature. (R10-33)
 Warning: Chains 20 and 24 have the same unload signature. (R10-34)
 Warning: Chains 21 and 23 have the same unload signature. (R10-35)
 Warning: Chains 22 and 24 have the same unload signature. (R10-36)
 Warning: Chain 4 not observable with X on chain 1. (R11-1)
 Warning: Chain 5 not observable with X on chain 1. (R11-2)
 Warning: Chain 8 not observable with X on chain 1. (R11-3)
 Warning: Chain 9 not observable with X on chain 1. (R11-4)
 Warning: Chain 12 not observable with X on chain 1. (R11-5)
 Warning: Chain 13 not observable with X on chain 1. (R11-6)
 Warning: Chain 16 not observable with X on chain 1. (R11-7)
 Warning: Chain 17 not observable with X on chain 1. (R11-8)
 Warning: Chain 1 not observable with X on chain 19. (R11-9)
 Warning: Chain 19 not observable with X on chain 1. (R11-10)
 Warning: Chain 1 not observable with X on chain 21. (R11-11)
 Warning: Chain 21 not observable with X on chain 1. (R11-12)
 Warning: Chain 1 not observable with X on chain 23. (R11-13)
 Warning: Chain 23 not observable with X on chain 1. (R11-14)
 Warning: Chain 2 not observable with X on chain 6. (R11-15)
 Warning: Chain 6 not observable with X on chain 2. (R11-16)
 Warning: Chain 2 not observable with X on chain 10. (R11-17)
 Warning: Chain 10 not observable with X on chain 2. (R11-18)
 Warning: Chain 2 not observable with X on chain 14. (R11-19)
 Warning: Chain 14 not observable with X on chain 2. (R11-20)
 Warning: Chain 2 not observable with X on chain 18. (R11-21)
 Warning: Chain 2 not observable with X on chain 20. (R11-22)
 Warning: Chain 2 not observable with X on chain 22. (R11-23)
 Warning: Chain 2 not observable with X on chain 24. (R11-24)
 Warning: Chain 3 not observable with X on chain 7. (R11-25)
 Warning: Chain 7 not observable with X on chain 3. (R11-26)
 Warning: Chain 3 not observable with X on chain 11. (R11-27)
 Warning: Chain 11 not observable with X on chain 3. (R11-28)
 Warning: Chain 3 not observable with X on chain 15. (R11-29)
 Warning: Chain 15 not observable with X on chain 3. (R11-30)
 Warning: Chain 3 not observable with X on chain 18. (R11-31)
 Warning: Chain 3 not observable with X on chain 20. (R11-32)
 Warning: Chain 3 not observable with X on chain 22. (R11-33)
 Warning: Chain 3 not observable with X on chain 24. (R11-34)
 Warning: Chain 4 not observable with X on chain 8. (R11-35)
 Warning: Chain 8 not observable with X on chain 4. (R11-36)
 Warning: Chain 4 not observable with X on chain 12. (R11-37)
 Warning: Chain 12 not observable with X on chain 4. (R11-38)
 Warning: Chain 4 not observable with X on chain 16. (R11-39)
 Warning: Chain 16 not observable with X on chain 4. (R11-40)
 Warning: Chain 4 not observable with X on chain 19. (R11-41)
 Warning: Chain 4 not observable with X on chain 21. (R11-42)
 Warning: Chain 4 not observable with X on chain 23. (R11-43)
 Warning: Chain 5 not observable with X on chain 9. (R11-44)
 Warning: Chain 9 not observable with X on chain 5. (R11-45)
 Warning: Chain 5 not observable with X on chain 13. (R11-46)
 Warning: Chain 13 not observable with X on chain 5. (R11-47)
 Warning: Chain 5 not observable with X on chain 17. (R11-48)
 Warning: Chain 17 not observable with X on chain 5. (R11-49)
 Warning: Chain 5 not observable with X on chain 19. (R11-50)
 Warning: Chain 5 not observable with X on chain 21. (R11-51)
 Warning: Chain 5 not observable with X on chain 23. (R11-52)
 Warning: Chain 6 not observable with X on chain 10. (R11-53)
 Warning: Chain 10 not observable with X on chain 6. (R11-54)
 Warning: Chain 6 not observable with X on chain 14. (R11-55)
 Warning: Chain 14 not observable with X on chain 6. (R11-56)
 Warning: Chain 6 not observable with X on chain 18. (R11-57)
 Warning: Chain 6 not observable with X on chain 20. (R11-58)
 Warning: Chain 6 not observable with X on chain 22. (R11-59)
 Warning: Chain 6 not observable with X on chain 24. (R11-60)
 Warning: Chain 7 not observable with X on chain 11. (R11-61)
 Warning: Chain 11 not observable with X on chain 7. (R11-62)
 Warning: Chain 7 not observable with X on chain 15. (R11-63)
 Warning: Chain 15 not observable with X on chain 7. (R11-64)
 Warning: Chain 7 not observable with X on chain 18. (R11-65)
 Warning: Chain 7 not observable with X on chain 20. (R11-66)
 Warning: Chain 7 not observable with X on chain 22. (R11-67)
 Warning: Chain 7 not observable with X on chain 24. (R11-68)
 Warning: Chain 8 not observable with X on chain 12. (R11-69)
 Warning: Chain 12 not observable with X on chain 8. (R11-70)
 Warning: Chain 8 not observable with X on chain 16. (R11-71)
 Warning: Chain 16 not observable with X on chain 8. (R11-72)
 Warning: Chain 8 not observable with X on chain 19. (R11-73)
 Warning: Chain 8 not observable with X on chain 21. (R11-74)
 Warning: Chain 8 not observable with X on chain 23. (R11-75)
 Warning: Chain 9 not observable with X on chain 13. (R11-76)
 Warning: Chain 13 not observable with X on chain 9. (R11-77)
 Warning: Chain 9 not observable with X on chain 17. (R11-78)
 Warning: Chain 17 not observable with X on chain 9. (R11-79)
 Warning: Chain 9 not observable with X on chain 19. (R11-80)
 Warning: Chain 9 not observable with X on chain 21. (R11-81)
 Warning: Chain 9 not observable with X on chain 23. (R11-82)
 Warning: Chain 10 not observable with X on chain 14. (R11-83)
 Warning: Chain 14 not observable with X on chain 10. (R11-84)
 Warning: Chain 10 not observable with X on chain 18. (R11-85)
 Warning: Chain 10 not observable with X on chain 20. (R11-86)
 Warning: Chain 10 not observable with X on chain 22. (R11-87)
 Warning: Chain 10 not observable with X on chain 24. (R11-88)
 Warning: Chain 11 not observable with X on chain 15. (R11-89)
 Warning: Chain 15 not observable with X on chain 11. (R11-90)
 Warning: Chain 11 not observable with X on chain 18. (R11-91)
 Warning: Chain 11 not observable with X on chain 20. (R11-92)
 Warning: Chain 11 not observable with X on chain 22. (R11-93)
 Warning: Chain 11 not observable with X on chain 24. (R11-94)
 Warning: Chain 12 not observable with X on chain 16. (R11-95)
 Warning: Chain 16 not observable with X on chain 12. (R11-96)
 Warning: Chain 12 not observable with X on chain 19. (R11-97)
 Warning: Chain 12 not observable with X on chain 21. (R11-98)
 Warning: Chain 12 not observable with X on chain 23. (R11-99)
 Warning: Chain 13 not observable with X on chain 17. (R11-100)
 Warning: Chain 17 not observable with X on chain 13. (R11-101)
 Warning: Chain 13 not observable with X on chain 19. (R11-102)
 Warning: Chain 13 not observable with X on chain 21. (R11-103)
 Warning: Chain 13 not observable with X on chain 23. (R11-104)
 Warning: Chain 14 not observable with X on chain 18. (R11-105)
 Warning: Chain 14 not observable with X on chain 20. (R11-106)
 Warning: Chain 14 not observable with X on chain 22. (R11-107)
 Warning: Chain 14 not observable with X on chain 24. (R11-108)
 Warning: Chain 15 not observable with X on chain 18. (R11-109)
 Warning: Chain 15 not observable with X on chain 20. (R11-110)
 Warning: Chain 15 not observable with X on chain 22. (R11-111)
 Warning: Chain 15 not observable with X on chain 24. (R11-112)
 Warning: Chain 16 not observable with X on chain 19. (R11-113)
 Warning: Chain 16 not observable with X on chain 21. (R11-114)
 Warning: Chain 16 not observable with X on chain 23. (R11-115)
 Warning: Chain 17 not observable with X on chain 19. (R11-116)
 Warning: Chain 17 not observable with X on chain 21. (R11-117)
 Warning: Chain 17 not observable with X on chain 23. (R11-118)
 Warning: Chain 18 not observable with X on chain 20. (R11-119)
 Warning: Chain 20 not observable with X on chain 18. (R11-120)
 Warning: Chain 18 not observable with X on chain 22. (R11-121)
 Warning: Chain 22 not observable with X on chain 18. (R11-122)
 Warning: Chain 18 not observable with X on chain 24. (R11-123)
 Warning: Chain 24 not observable with X on chain 18. (R11-124)
 Warning: Chain 19 not observable with X on chain 21. (R11-125)
 Warning: Chain 21 not observable with X on chain 19. (R11-126)
 Warning: Chain 19 not observable with X on chain 23. (R11-127)
 Warning: Chain 23 not observable with X on chain 19. (R11-128)
 Warning: Chain 20 not observable with X on chain 22. (R11-129)
 Warning: Chain 22 not observable with X on chain 20. (R11-130)
 Warning: Chain 20 not observable with X on chain 24. (R11-131)
 Warning: Chain 24 not observable with X on chain 20. (R11-132)
 Warning: Chain 21 not observable with X on chain 23. (R11-133)
 Warning: Chain 23 not observable with X on chain 21. (R11-134)
 Warning: Chain 22 not observable with X on chain 24. (R11-135)
 Warning: Chain 24 not observable with X on chain 22. (R11-136)
