 stf   NO   U266/A1                  Inf 
 str   NO   U273/Z                     5.1400 
 str   NO   U273/A1                    5.1400 
 stf   NO   U273/A2                  Inf 
 stf   NO   U273/Z                     5.1800 
 stf   NO   U264/A1                  Inf 
 str   NO   U114/A1                    5.5500 
 stf   NO   fifo_mem/U266/I1           2.2600 
 stf   NO   fifo_mem/U258/I0         Inf 
 stf   NO   fifo_mem/U258/Z            1.1900 
 stf   NO   fifo_mem/U245/I0         Inf 
 stf   NO   fifo_mem/U245/Z            1.2300 
 stf   NO   fifo_mem/U244/I0         Inf 
 stf   NO   fifo_mem/U244/Z            1.2300 
 stf   NO   fifo_mem/U243/I0         Inf 
 stf   NO   fifo_mem/U243/Z            1.2300 
 stf   NO   fifo_mem/U242/I1           2.2600 
 stf   NO   fifo_mem/U242/I0         Inf 
 stf   NO   fifo_mem/U242/Z            1.2300 
 stf   NO   fifo_mem/U241/I0         Inf 
 stf   NO   fifo_mem/U241/Z            1.2300 
 stf   NO   fifo_mem/U240/I0         Inf 
 stf   NO   fifo_mem/U240/Z            1.2300 
 str   NO   fifo_mem/U239/Z            1.1700 
 str   NO   fifo_mem/U239/I0         Inf 
 str   NO   fifo_mem/U222/Z            1.0400 
 str   NO   fifo_mem/U222/I0         Inf 
 str   NO   fifo_mem/U218/I1           2.2200 
 str   NO   fifo_mem/U216/Z            1.0300 
 stf   NO   fifo_mem/U209/I0         Inf 
 str   NO   fifo_mem/U209/I0         Inf 
 stf   NO   fifo_mem/U208/I0         Inf 
 stf   NO   fifo_mem/U206/I0         Inf 
 str   NO   fifo_mem/U206/I0         Inf 
 stf   NO   fifo_mem/U205/I0         Inf 
 str   NO   fifo_mem/U203/Z            1.0400 
 stf   NO   fifo_mem/U203/I0         Inf 
 str   NO   fifo_mem/U186/I0         Inf 
 stf   NO   fifo_mem/U185/I0         Inf 
 str   NO   fifo_mem/U180/I0         Inf 
 stf   NO   fifo_mem/U177/Z            1.0900 
 str   NO   fifo_mem/U176/Z            1.0300 
 str   NO   fifo_mem/U167/Z            1.1300 
 stf   NO   fifo_mem/U146/I0         Inf 
 str   NO   fifo_mem/U146/I0         Inf 
 stf   NO   fifo_mem/U146/Z            1.0900 
 stf   NO   fifo_mem/U144/I0         Inf 
 stf   NO   fifo_mem/U144/Z            1.0900 
 str   NO   fifo_mem/U143/I0         Inf 
 str   NO   fifo_mem/U142/I0         Inf 
 stf   NO   fifo_mem/U141/I0         Inf 
 stf   NO   fifo_mem/U140/I1           2.2600 
 str   NO   fifo_mem/U3/A3             1.1600 
 stf   NO   fifo_mem/U5/A3             1.1800 
 str   NO   fifo_mem/U5/A3             1.1600 
 str   NO   fifo_mem/U6/A3             1.1600 
 str   NO   fifo_mem/U11/A1            1.1700 
 stf   NO   fifo_mem/U13/A1            1.2000 
 str   NO   fifo_mem/U14/A1            1.1700 
 stf   NO   fifo_mem/mem_reg_3__7_/D Inf 
 str   NO   fifo_mem/mem_reg_7__7_/D Inf 
