    Collapsed Transition Fault Summary Report
 -----------------------------------------------
 fault class                     code   #faults
 ------------------------------  ----  ---------
 Detected                         DT       2165
   detected_by_simulation         DS       (676)
   detected_by_implication        DI       (820)
   transition-partially_detected   TP       (669)
 Possibly detected                PT          0
 Undetectable                     UD         20
   undetectable-tied              UT        (18)
   undetectable-redundant         UR         (2)
 ATPG untestable                  AU       2354
   atpg_untestable-not_detected   AN      (2354)
 Not detected                     ND         35
   not-observed                   NO        (35)
 -----------------------------------------------
 total faults                              4574
 test coverage                            47.54%
 fault coverage                           47.33%
 -----------------------------------------------
            Pattern Summary Report
 -----------------------------------------------
 #internal patterns                         170
     #basic_scan patterns                     1
     #fast_sequential patterns              169
 -----------------------------------------------
