 Warning: Undriven module output pin ( async_fifo_DFT_decode_width8_1_0/B[15] ). (B7-1)
 Warning: Undriven module output pin ( async_fifo_DFT_decode_width8_1_0/B[14] ). (B7-2)
 Warning: Undriven module output pin ( async_fifo_DFT_decode_width8_1_0/B[13] ). (B7-3)
 Warning: Undriven module output pin ( async_fifo_DFT_decode_width8_1_0/B[12] ). (B7-4)
 Warning: Undriven module output pin ( async_fifo_DFT_decode_width8_1_0/B[11] ). (B7-5)
 Warning: Undriven module output pin ( async_fifo_DFT_decode_width8_1_0/B[10] ). (B7-6)
 Warning: Undriven module output pin ( async_fifo_DFT_decode_width8_1_0/B[9] ). (B7-7)
 Warning: Undriven module output pin ( async_fifo_DFT_decode_width8_1_0/B[0] ). (B7-8)
 Warning: Undriven module output pin ( async_fifo_DFT_decode_width8_0_0/B[15] ). (B7-9)
 Warning: Undriven module output pin ( async_fifo_DFT_decode_width8_0_0/B[14] ). (B7-10)
 Warning: Undriven module output pin ( async_fifo_DFT_decode_width8_0_0/B[13] ). (B7-11)
 Warning: Undriven module output pin ( async_fifo_DFT_decode_width8_0_0/B[12] ). (B7-12)
 Warning: Undriven module output pin ( async_fifo_DFT_decode_width8_0_0/B[11] ). (B7-13)
 Warning: Undriven module output pin ( async_fifo_DFT_decode_width8_0_0/B[10] ). (B7-14)
 Warning: Undriven module output pin ( async_fifo_DFT_decode_width8_0_0/B[9] ). (B7-15)
 Warning: Undriven module output pin ( async_fifo_DFT_decode_width8_0_0/B[0] ). (B7-16)
 Warning: Unconnected module input pin ( U_FD_P_RB_NO/NOTIFIER_REG ). (B8-1)
 Warning: Unconnected module input pin ( U_LD_P_RB_NO/NOTI_REG ). (B8-2)
 Warning: Unconnected module input pin ( s_denrq2/notifier ). (B8-3)
 Warning: Unconnected module input pin ( s_deprq1/notifier ). (B8-4)
 Warning: Unconnected module input pin ( s_denrq1/notifier ). (B8-5)
 Warning: Unconnected module input pin ( U_LD_N_NO/NOTI_REG ). (B8-6)
 Warning: Unconnected module input pin ( s_dfcrn1/notifier ). (B8-7)
 Warning: Unconnected module input pin ( s_secrq1/notifier ). (B8-8)
 Warning: Unconnected module input pin ( U_LD_P_NO/NOTI_REG ). (B8-9)
 Warning: Unconnected module input pin ( U_FD_P_SB_NO/NOTIFIER_REG ). (B8-10)
 Warning: Undriven module internal net ( sdcrq1/notifier ). (B9-1)
 Warning: Undriven module internal net ( laclq1/notifier ). (B9-2)
 Warning: Undriven module internal net ( sdcrq2/notifier ). (B9-3)
 Warning: Undriven module internal net ( denrq2/notifier ). (B9-4)
 Warning: Undriven module internal net ( deprq1/notifier ). (B9-5)
 Warning: Undriven module internal net ( denrq1/notifier ). (B9-6)
 Warning: Undriven module internal net ( lanlq1/notifier ). (B9-7)
 Warning: Undriven module internal net ( dfcrn1/notifier ). (B9-8)
 Warning: Undriven module internal net ( dfcrq1/notifier ). (B9-9)
 Warning: Undriven module internal net ( secrq1/notifier ). (B9-10)
 Warning: Undriven module internal net ( lanhq1/notifier ). (B9-11)
 Warning: Undriven module internal net ( sdprb1/notifier ). (B9-12)
 Warning: Unconnected module internal net ( sdcrq1/vcond1 ). (B10-1)
 Warning: Unconnected module internal net ( sdcrq1/vcond2 ). (B10-2)
 Warning: Unconnected module internal net ( sdcrq2/vcond1 ). (B10-3)
 Warning: Unconnected module internal net ( sdcrq2/vcond2 ). (B10-4)
 Warning: Unconnected module internal net ( denrq2/CP_buf ). (B10-5)
 Warning: Unconnected module internal net ( denrq2/BOOL_OUT ). (B10-6)
 Warning: Unconnected module internal net ( deprq1/CP_buf ). (B10-7)
 Warning: Unconnected module internal net ( deprq1/BOOL_OUT ). (B10-8)
 Warning: Unconnected module internal net ( deprq1/vcond1 ). (B10-9)
 Warning: Unconnected module internal net ( denrq1/CP_buf ). (B10-10)
 Warning: Unconnected module internal net ( denrq1/BOOL_OUT ). (B10-11)
 Warning: Unconnected module internal net ( async_fifo_DFT_clk_control_1_0/SYNOPSYS_UNCONNECTED_1 ). (B10-12)
 Warning: Unconnected module internal net ( async_fifo_DFT_clk_control_1_0/SYNOPSYS_UNCONNECTED_2 ). (B10-13)
 Warning: Unconnected module internal net ( async_fifo_DFT_clk_control_1_0/SYNOPSYS_UNCONNECTED_3 ). (B10-14)
 Warning: Unconnected module internal net ( async_fifo_DFT_clk_control_1_0/SYNOPSYS_UNCONNECTED_4 ). (B10-15)
 Warning: Unconnected module internal net ( async_fifo_DFT_clk_control_1_0/SYNOPSYS_UNCONNECTED_5 ). (B10-16)
 Warning: Unconnected module internal net ( async_fifo_DFT_clk_control_1_0/SYNOPSYS_UNCONNECTED_6 ). (B10-17)
 Warning: Unconnected module internal net ( async_fifo_DFT_clk_control_1_0/SYNOPSYS_UNCONNECTED_7 ). (B10-18)
 Warning: Unconnected module internal net ( async_fifo_DFT_clk_control_1_0/SYNOPSYS_UNCONNECTED_8 ). (B10-19)
 Warning: Unconnected module internal net ( async_fifo_DFT_clk_control_0_0/SYNOPSYS_UNCONNECTED_1 ). (B10-20)
 Warning: Unconnected module internal net ( async_fifo_DFT_clk_control_0_0/SYNOPSYS_UNCONNECTED_2 ). (B10-21)
 Warning: Unconnected module internal net ( async_fifo_DFT_clk_control_0_0/SYNOPSYS_UNCONNECTED_3 ). (B10-22)
 Warning: Unconnected module internal net ( async_fifo_DFT_clk_control_0_0/SYNOPSYS_UNCONNECTED_4 ). (B10-23)
 Warning: Unconnected module internal net ( async_fifo_DFT_clk_control_0_0/SYNOPSYS_UNCONNECTED_5 ). (B10-24)
 Warning: Unconnected module internal net ( async_fifo_DFT_clk_control_0_0/SYNOPSYS_UNCONNECTED_6 ). (B10-25)
 Warning: Unconnected module internal net ( async_fifo_DFT_clk_control_0_0/SYNOPSYS_UNCONNECTED_7 ). (B10-26)
 Warning: Unconnected module internal net ( async_fifo_DFT_clk_control_0_0/SYNOPSYS_UNCONNECTED_8 ). (B10-27)
 Warning: Unconnected module internal net ( secrq1/vcond1 ). (B10-28)
 Warning: Unconnected module internal net ( secrq1/vcond_CDN_vio ). (B10-29)
 Warning: Unconnected module internal net ( secrq1/vcond_ENN_vio ). (B10-30)
 Warning: Unconnected module internal net ( secrq1/vcond_D_vio ). (B10-31)
 Warning: Unconnected module internal net ( secrq1/vcond2 ). (B10-32)
 Warning: Unconnected module internal net ( sdprb1/vcond1 ). (B10-33)
 Warning: Unconnected module internal net ( sdprb1/vcond2 ). (B10-34)
 Warning: Nonscan DFF occ_wclk/U_clk_control_i_0/slow_clk_enable_l_reg (1550) disturbed during time 45 of load_unload procedure. (S19-1)
 Warning: Nonscan DFF occ_rclk/U_clk_control_i_0/slow_clk_enable_l_reg (1569) disturbed during time 45 of load_unload procedure. (S19-2)
 Warning: Nonscan DLAT LOCKUP (1368) disturbed during time 45 of shift procedure. (S19-3)
 Warning: Nonscan DFF occ_wclk/U_clk_control_i_0/pipeline_or_tree_l_reg (1548) disturbed during time 45 of shift procedure. (S19-4)
 Warning: Nonscan DFF occ_wclk/U_clk_control_i_0/fast_clk_enable_l_reg (1549) disturbed during time 45 of shift procedure. (S19-5)
 Warning: Nonscan DFF occ_wclk/U_clk_control_i_0/load_n_meta_0_l_reg (1551) disturbed during time 45 of shift procedure. (S19-6)
 Warning: Nonscan DFF occ_wclk/U_clk_control_i_0/load_n_meta_1_l_reg (1552) disturbed during time 45 of shift procedure. (S19-7)
 Warning: Nonscan DFF occ_wclk/U_clk_control_i_0/load_n_meta_2_l_reg (1553) disturbed during time 45 of shift procedure. (S19-8)
 Warning: Nonscan DFF occ_wclk/U_clk_control_i_0/U_cycle_ctr_i/count_int_reg_0_ (1554) disturbed during time 45 of shift procedure. (S19-9)
 Warning: Nonscan DFF occ_wclk/U_clk_control_i_0/U_cycle_ctr_i/count_int_reg_1_ (1555) disturbed during time 45 of shift procedure. (S19-10)
 Warning: Nonscan DFF occ_wclk/U_clk_control_i_0/U_cycle_ctr_i/count_int_reg_2_ (1556) disturbed during time 45 of shift procedure. (S19-11)
 Warning: Nonscan DFF occ_wclk/U_clk_control_i_0/U_cycle_ctr_i/count_int_reg_3_ (1557) disturbed during time 45 of shift procedure. (S19-12)
 Warning: Nonscan DFF occ_wclk/U_clk_control_i_0/U_cycle_ctr_i/tercnt_n_reg_reg (1558) disturbed during time 45 of shift procedure. (S19-13)
 Warning: Nonscan DFF occ_rclk/U_clk_control_i_0/pipeline_or_tree_l_reg (1567) disturbed during time 45 of shift procedure. (S19-14)
 Warning: Nonscan DFF occ_rclk/U_clk_control_i_0/fast_clk_enable_l_reg (1568) disturbed during time 45 of shift procedure. (S19-15)
 Warning: Nonscan DFF occ_rclk/U_clk_control_i_0/load_n_meta_0_l_reg (1570) disturbed during time 45 of shift procedure. (S19-16)
 Warning: Nonscan DFF occ_rclk/U_clk_control_i_0/load_n_meta_1_l_reg (1571) disturbed during time 45 of shift procedure. (S19-17)
 Warning: Nonscan DFF occ_rclk/U_clk_control_i_0/load_n_meta_2_l_reg (1572) disturbed during time 45 of shift procedure. (S19-18)
 Warning: Nonscan DFF occ_rclk/U_clk_control_i_0/U_cycle_ctr_i/count_int_reg_0_ (1573) disturbed during time 45 of shift procedure. (S19-19)
 Warning: Nonscan DFF occ_rclk/U_clk_control_i_0/U_cycle_ctr_i/count_int_reg_1_ (1574) disturbed during time 45 of shift procedure. (S19-20)
 Warning: Nonscan DFF occ_rclk/U_clk_control_i_0/U_cycle_ctr_i/count_int_reg_2_ (1575) disturbed during time 45 of shift procedure. (S19-21)
 Warning: Nonscan DFF occ_rclk/U_clk_control_i_0/U_cycle_ctr_i/count_int_reg_3_ (1576) disturbed during time 45 of shift procedure. (S19-22)
 Warning: Nonscan DFF occ_rclk/U_clk_control_i_0/U_cycle_ctr_i/tercnt_n_reg_reg (1577) disturbed during time 45 of shift procedure. (S19-23)
 Warning: Clock PIs off failed to allow transparency of nonscan DLAT LOCKUP (1368). (C3-1)
 Warning: Clock input 2 of nonscan DFF occ_wclk/U_clk_control_i_0/pipeline_or_tree_l_reg (1548) cannot capture data. (C16-1)
 Warning: Clock input 2 of nonscan DFF occ_wclk/U_clk_control_i_0/fast_clk_enable_l_reg (1549) cannot capture data. (C16-2)
 Warning: Clock input 2 of nonscan DFF occ_wclk/U_clk_control_i_0/slow_clk_enable_l_reg (1550) cannot capture data. (C16-3)
 Warning: Clock input 2 of nonscan DFF occ_wclk/U_clk_control_i_0/load_n_meta_0_l_reg (1551) cannot capture data. (C16-4)
 Warning: Clock input 2 of nonscan DFF occ_wclk/U_clk_control_i_0/load_n_meta_1_l_reg (1552) cannot capture data. (C16-5)
 Warning: Clock input 2 of nonscan DFF occ_wclk/U_clk_control_i_0/load_n_meta_2_l_reg (1553) cannot capture data. (C16-6)
 Warning: Clock input 2 of nonscan DFF occ_wclk/U_clk_control_i_0/U_cycle_ctr_i/count_int_reg_0_ (1554) cannot capture data. (C16-7)
 Warning: Clock input 2 of nonscan DFF occ_wclk/U_clk_control_i_0/U_cycle_ctr_i/count_int_reg_1_ (1555) cannot capture data. (C16-8)
 Warning: Clock input 2 of nonscan DFF occ_wclk/U_clk_control_i_0/U_cycle_ctr_i/count_int_reg_2_ (1556) cannot capture data. (C16-9)
 Warning: Clock input 2 of nonscan DFF occ_wclk/U_clk_control_i_0/U_cycle_ctr_i/count_int_reg_3_ (1557) cannot capture data. (C16-10)
 Warning: Clock input 2 of nonscan DFF occ_wclk/U_clk_control_i_0/U_cycle_ctr_i/tercnt_n_reg_reg (1558) cannot capture data. (C16-11)
 Warning: Clock input 2 of nonscan DFF occ_rclk/U_clk_control_i_0/pipeline_or_tree_l_reg (1567) cannot capture data. (C16-12)
 Warning: Clock input 2 of nonscan DFF occ_rclk/U_clk_control_i_0/fast_clk_enable_l_reg (1568) cannot capture data. (C16-13)
 Warning: Clock input 2 of nonscan DFF occ_rclk/U_clk_control_i_0/slow_clk_enable_l_reg (1569) cannot capture data. (C16-14)
 Warning: Clock input 2 of nonscan DFF occ_rclk/U_clk_control_i_0/load_n_meta_0_l_reg (1570) cannot capture data. (C16-15)
 Warning: Clock input 2 of nonscan DFF occ_rclk/U_clk_control_i_0/load_n_meta_1_l_reg (1571) cannot capture data. (C16-16)
 Warning: Clock input 2 of nonscan DFF occ_rclk/U_clk_control_i_0/load_n_meta_2_l_reg (1572) cannot capture data. (C16-17)
 Warning: Clock input 2 of nonscan DFF occ_rclk/U_clk_control_i_0/U_cycle_ctr_i/count_int_reg_0_ (1573) cannot capture data. (C16-18)
 Warning: Clock input 2 of nonscan DFF occ_rclk/U_clk_control_i_0/U_cycle_ctr_i/count_int_reg_1_ (1574) cannot capture data. (C16-19)
 Warning: Clock input 2 of nonscan DFF occ_rclk/U_clk_control_i_0/U_cycle_ctr_i/count_int_reg_2_ (1575) cannot capture data. (C16-20)
 Warning: Clock input 2 of nonscan DFF occ_rclk/U_clk_control_i_0/U_cycle_ctr_i/count_int_reg_3_ (1576) cannot capture data. (C16-21)
 Warning: Clock input 2 of nonscan DFF occ_rclk/U_clk_control_i_0/U_cycle_ctr_i/tercnt_n_reg_reg (1577) cannot capture data. (C16-22)
