 str   NO   fifo_mem/U236/S            1.1800 
 str   NO   fifo_mem/U232/S            1.1800 
 str   NO   fifo_mem/U216/S            1.1700 
 str   NO   fifo_mem/U215/S            1.1700 
 str   NO   fifo_mem/U213/S            1.1700 
 str   NO   fifo_mem/U200/S            1.1800 
 str   NO   fifo_mem/U182/S            1.1700 
 str   NO   fifo_mem/U164/S            1.2000 
 str   NO   fifo_mem/U161/S            1.2000 
 str   NO   fifo_mem/U159/S            1.2000 
 str   NO   fifo_mem/U2/ZN             1.1800 
 str   NO   fifo_mem/U3/ZN             1.1700 
 stf   NO   fifo_mem/U3/A2             1.1700 
 str   NO   fifo_mem/U4/ZN             1.1800 
 stf   NO   fifo_mem/U4/A2             1.2600 
 str   NO   fifo_mem/U5/ZN             1.1800 
 str   NO   fifo_mem/U6/ZN             1.1700 
 stf   NO   fifo_mem/U6/A2             1.1700 
 str   NO   fifo_mem/U7/ZN             1.1800 
 stf   NO   fifo_mem/U7/A2             1.2600 
 str   NO   fifo_mem/U8/ZN             1.2000 
 str   NO   fifo_mem/U11/ZN            1.1700 
 stf   NO   fifo_mem/U11/A2            1.1700 
 str   NO   fifo_mem/U12/ZN            1.1900 
 stf   NO   fifo_mem/U12/A1            1.2700 
 str   NO   fifo_mem/U13/ZN            1.2000 
 str   NO   fifo_mem/U14/ZN            1.1700 
 str   NO   fifo_mem/U15/ZN            1.1900 
 str   NO   fifo_mem/U16/ZN            1.1800 
 stf   NO   fifo_mem/U16/A2            1.2900 
 str   NO   fifo_mem/U17/ZN            1.1800 
 stf   NO   fifo_mem/U17/A2            1.2900 
 str   NO   fifo_mem/U18/ZN            1.2000 
 stf   NO   fifo_mem/U18/A2            1.2900 
 str   NO   fifo_mem/U19/ZN            1.2000 
 stf   NO   fifo_mem/U19/A2            1.2900 
 stf   NO   fifo_mem/U175/ZN           1.1700 
 str   NO   fifo_mem/U184/A1           1.2900 
 stf   NO   fifo_mem/U184/ZN           1.2900 
