 The max tmgn for small delay defect faults has been set to 2.2598
 ------------------------------------------------------------------------------
 Histogram of Collapsed Fault Distribution
              tmgn
        values     #faults
 -----------------------
   0.1400 -   0.3520: 157     
   0.3520 -   0.5640: 98      
   0.5640 -   0.7759: 39      
   0.7759 -   0.9879: 40      
   0.9879 -   1.1999: 537     
   1.1999 -   1.4119: 149     
   1.4119 -   1.6239: 22      
   1.6239 -   1.8358: 11      
   1.8358 -   2.0478: 1       
   2.0478 -   2.2598: 238     
        >   2.2598: 564     
        Infinite: 2718    
       Undefined: 0       
 --------------------------------------------------------------------------
 Cumulative Distribution of tmgn
           tmgn
       values   #faults
 -----------------------
       0.3520: 157     
       0.5640: 255     
       0.7759: 294     
       0.9879: 334     
       1.1999: 871     
       1.4119: 1020    
       1.6239: 1042    
       1.8358: 1053    
       2.0478: 1054    
       2.2598: 1292    
        < inf: 1856    
     Infinite: 2718    
    Undefined: 0       
 --------------------------------------------------------------------------
 The max tmgn for small delay defect faults has been set to 2.2598
 ------------------------------------------------------------------------------
 Histogram of Collapsed Fault Distribution
              tdet
        values     #faults
 -----------------------
   0.1400 -   0.3520: 64      
   0.3520 -   0.5640: 87      
   0.5640 -   0.7759: 78      
   0.7759 -   0.9879: 61      
   0.9879 -   1.1999: 300     
   1.1999 -   1.4119: 364     
   1.4119 -   1.6239: 31      
   1.6239 -   1.8358: 17      
   1.8358 -   2.0478: 3       
   2.0478 -   2.2598: 238     
        >   2.2598: 525     
        Infinite: 1244    
       Undefined: 1562    
 --------------------------------------------------------------------------
 Cumulative Distribution of tdet
           tdet
       values   #faults
 -----------------------
       0.3520: 64      
       0.5640: 151     
       0.7759: 229     
       0.9879: 290     
       1.1999: 590     
       1.4119: 954     
       1.6239: 985     
       1.8358: 1002    
       2.0478: 1005    
       2.2598: 1243    
        < inf: 1768    
     Infinite: 1244    
    Undefined: 1562    
 --------------------------------------------------------------------------
 The max tmgn for small delay defect faults has been set to 2.2598
 ------------------------------------------------------------------------------
 Histogram of Collapsed Fault Distribution
              delta
        values     #faults
 -----------------------
   0.0000 -   0.2340: 2656    
   0.2340 -   0.4680: 83      
   0.4680 -   0.7020: 38      
   0.7020 -   0.9360: 46      
   0.9360 -   1.1700: 52      
   1.1700 -   1.4040: 58      
   1.4040 -   1.6380: 21      
   1.6380 -   1.8720: 13      
   1.8720 -   2.1060: 5       
   2.1060 -   2.3400: 1       
        >   2.3400: 1       
        Infinite: 38      
       Undefined: 1562    
 --------------------------------------------------------------------------
 Cumulative Distribution of delta
           delta
       values   #faults
 -----------------------
       0.2340: 2656    
       0.4680: 2739    
       0.7020: 2777    
       0.9360: 2823    
       1.1700: 2875    
       1.4040: 2933    
       1.6380: 2954    
       1.8720: 2967    
       2.1060: 2972    
       2.3400: 2973    
        < inf: 2974    
     Infinite: 38      
    Undefined: 1562    
 --------------------------------------------------------------------------
