 chain              cell  type     inv   gate#  instance_name (type)
 -----------------  ----  -------  ---  ------  ------------------------------------
 1                     0  MASTER    NN    1176  sync_w2r/sync_out_reg_0_ (dfcrq1)
 1                     1  MASTER    NN    1175  sync_w2r/temp_reg_0_ (sdcrq1)
 1                     2  MASTER    NN    1170  sync_r2w/sync_out_reg_2_ (dfcrq1)
 1                     3  MASTER    NN    1165  sync_r2w/temp_reg_2_ (sdcrq1)
 1                     4  MASTER    NN    1169  sync_r2w/sync_out_reg_1_ (dfcrq1)
 1                     5  MASTER    NN    1166  sync_r2w/temp_reg_1_ (sdcrq1)
 1                     6  MASTER    NN    1168  sync_r2w/sync_out_reg_0_ (dfcrq1)
 1                     7  MASTER    NN    1167  sync_r2w/temp_reg_0_ (sdcrq1)
 2                     0  MASTER    NN    1180  sync_w2r/sync_out_reg_4_ (dfcrq1)
 2                     1  MASTER    NN    1171  sync_w2r/temp_reg_4_ (sdcrq1)
 2                     2  MASTER    NN    1179  sync_w2r/sync_out_reg_3_ (dfcrq1)
 2                     3  MASTER    NN    1172  sync_w2r/temp_reg_3_ (sdcrq1)
 2                     4  MASTER    NN    1178  sync_w2r/sync_out_reg_2_ (dfcrq1)
 2                     5  MASTER    NN    1173  sync_w2r/temp_reg_2_ (sdcrq1)
 2                     6  MASTER    NN    1177  sync_w2r/sync_out_reg_1_ (dfcrq1)
 2                     7  MASTER    NN    1174  sync_w2r/temp_reg_1_ (sdcrq1)
 3                     0  MASTER    NN    1184  fifo_mem/mem_reg_0__4_ (sdcrq1)
 3                     1  MASTER    NN    1185  fifo_mem/mem_reg_0__3_ (sdcrq1)
 3                     2  MASTER    NN    1186  fifo_mem/mem_reg_0__2_ (sdcrq1)
 3                     3  MASTER    NN    1187  fifo_mem/mem_reg_0__1_ (sdcrq1)
 3                     4  MASTER    NN    1188  fifo_mem/mem_reg_0__0_ (sdcrq1)
 3                     5  MASTER    NN    1158  R_2 (sdcrq1)
 3                     6  MASTER    NN    1157  R_1 (sdcrq1)
 3                     7  MASTER    NN    1310  R_0 (sdcrq1)
 4                     0  MASTER    NN    1192  fifo_mem/mem_reg_1__4_ (sdcrq1)
 4                     1  MASTER    NN    1193  fifo_mem/mem_reg_1__3_ (sdcrq1)
 4                     2  MASTER    NN    1194  fifo_mem/mem_reg_1__2_ (sdcrq1)
 4                     3  MASTER    NN    1195  fifo_mem/mem_reg_1__1_ (sdcrq1)
 4                     4  MASTER    NN    1196  fifo_mem/mem_reg_1__0_ (sdcrq1)
 4                     5  MASTER    NN    1181  fifo_mem/mem_reg_0__7_ (sdcrq1)
 4                     6  MASTER    NN    1182  fifo_mem/mem_reg_0__6_ (sdcrq1)
 4                     7  MASTER    NN    1183  fifo_mem/mem_reg_0__5_ (sdcrq1)
 5                     0  MASTER    NN    1200  fifo_mem/mem_reg_2__4_ (sdcrq1)
 5                     1  MASTER    NN    1201  fifo_mem/mem_reg_2__3_ (sdcrq1)
 5                     2  MASTER    NN    1202  fifo_mem/mem_reg_2__2_ (sdcrq1)
 5                     3  MASTER    NN    1203  fifo_mem/mem_reg_2__1_ (sdcrq1)
 5                     4  MASTER    NN    1204  fifo_mem/mem_reg_2__0_ (sdcrq1)
 5                     5  MASTER    NN    1189  fifo_mem/mem_reg_1__7_ (sdcrq1)
 5                     6  MASTER    NN    1190  fifo_mem/mem_reg_1__6_ (sdcrq1)
 5                     7  MASTER    NN    1191  fifo_mem/mem_reg_1__5_ (sdcrq1)
 6                     0  MASTER    NN    1208  fifo_mem/mem_reg_3__4_ (sdcrq1)
 6                     1  MASTER    NN    1209  fifo_mem/mem_reg_3__3_ (sdcrq1)
 6                     2  MASTER    NN    1210  fifo_mem/mem_reg_3__2_ (sdcrq1)
 6                     3  MASTER    NN    1211  fifo_mem/mem_reg_3__1_ (sdcrq1)
 6                     4  MASTER    NN    1212  fifo_mem/mem_reg_3__0_ (sdcrq1)
 6                     5  MASTER    NN    1197  fifo_mem/mem_reg_2__7_ (sdcrq1)
 6                     6  MASTER    NN    1198  fifo_mem/mem_reg_2__6_ (sdcrq1)
 6                     7  MASTER    NN    1199  fifo_mem/mem_reg_2__5_ (sdcrq1)
 7                     0  MASTER    NN    1216  fifo_mem/mem_reg_4__4_ (sdcrq1)
 7                     1  MASTER    NN    1217  fifo_mem/mem_reg_4__3_ (sdcrq1)
 7                     2  MASTER    NN    1218  fifo_mem/mem_reg_4__2_ (sdcrq1)
 7                     3  MASTER    NN    1219  fifo_mem/mem_reg_4__1_ (sdcrq1)
 7                     4  MASTER    NN    1220  fifo_mem/mem_reg_4__0_ (sdcrq1)
 7                     5  MASTER    NN    1205  fifo_mem/mem_reg_3__7_ (sdcrq1)
 7                     6  MASTER    NN    1206  fifo_mem/mem_reg_3__6_ (sdcrq1)
 7                     7  MASTER    NN    1207  fifo_mem/mem_reg_3__5_ (sdcrq1)
 8                     0  MASTER    NN    1224  fifo_mem/mem_reg_5__4_ (sdcrq1)
 8                     1  MASTER    NN    1225  fifo_mem/mem_reg_5__3_ (sdcrq1)
 8                     2  MASTER    NN    1226  fifo_mem/mem_reg_5__2_ (sdcrq1)
 8                     3  MASTER    NN    1227  fifo_mem/mem_reg_5__1_ (sdcrq1)
 8                     4  MASTER    NN    1228  fifo_mem/mem_reg_5__0_ (sdcrq1)
 8                     5  MASTER    NN    1213  fifo_mem/mem_reg_4__7_ (sdcrq1)
 8                     6  MASTER    NN    1214  fifo_mem/mem_reg_4__6_ (sdcrq1)
 8                     7  MASTER    NN    1215  fifo_mem/mem_reg_4__5_ (sdcrq1)
 9                     0  MASTER    NN    1232  fifo_mem/mem_reg_6__4_ (sdcrq1)
 9                     1  MASTER    NN    1233  fifo_mem/mem_reg_6__3_ (sdcrq1)
 9                     2  MASTER    NN    1234  fifo_mem/mem_reg_6__2_ (sdcrq1)
 9                     3  MASTER    NN    1235  fifo_mem/mem_reg_6__1_ (sdcrq1)
 9                     4  MASTER    NN    1236  fifo_mem/mem_reg_6__0_ (sdcrq1)
 9                     5  MASTER    NN    1221  fifo_mem/mem_reg_5__7_ (sdcrq1)
 9                     6  MASTER    NN    1222  fifo_mem/mem_reg_5__6_ (sdcrq1)
 9                     7  MASTER    NN    1223  fifo_mem/mem_reg_5__5_ (sdcrq1)
 10                    0  MASTER    NN    1241  fifo_mem/mem_reg_7__3_ (sdcrq1)
 10                    1  MASTER    NN    1242  fifo_mem/mem_reg_7__2_ (sdcrq1)
 10                    2  MASTER    NN    1243  fifo_mem/mem_reg_7__1_ (sdcrq1)
 10                    3  MASTER    NN    1244  fifo_mem/mem_reg_7__0_ (sdcrq1)
 10                    4  MASTER    NN    1229  fifo_mem/mem_reg_6__7_ (sdcrq1)
 10                    5  MASTER    NN    1230  fifo_mem/mem_reg_6__6_ (sdcrq1)
 10                    6  MASTER    NN    1231  fifo_mem/mem_reg_6__5_ (sdcrq1)
 11                    0  MASTER    NN    1250  fifo_mem/mem_reg_8__2_ (sdcrq1)
 11                    1  MASTER    NN    1251  fifo_mem/mem_reg_8__1_ (sdcrq1)
 11                    2  MASTER    NN    1252  fifo_mem/mem_reg_8__0_ (sdcrq1)
 11                    3  MASTER    NN    1237  fifo_mem/mem_reg_7__7_ (sdcrq1)
 11                    4  MASTER    NN    1238  fifo_mem/mem_reg_7__6_ (sdcrq1)
 11                    5  MASTER    NN    1239  fifo_mem/mem_reg_7__5_ (sdcrq1)
 11                    6  MASTER    NN    1240  fifo_mem/mem_reg_7__4_ (sdcrq1)
 12                    0  MASTER    NN    1259  fifo_mem/mem_reg_9__1_ (sdcrq1)
 12                    1  MASTER    NN    1260  fifo_mem/mem_reg_9__0_ (sdcrq1)
 12                    2  MASTER    NN    1245  fifo_mem/mem_reg_8__7_ (sdcrq1)
 12                    3  MASTER    NN    1246  fifo_mem/mem_reg_8__6_ (sdcrq1)
 12                    4  MASTER    NN    1247  fifo_mem/mem_reg_8__5_ (sdcrq1)
 12                    5  MASTER    NN    1248  fifo_mem/mem_reg_8__4_ (sdcrq1)
 12                    6  MASTER    NN    1249  fifo_mem/mem_reg_8__3_ (sdcrq1)
 13                    0  MASTER    NN    1268  fifo_mem/mem_reg_10__0_ (sdcrq1)
 13                    1  MASTER    NN    1253  fifo_mem/mem_reg_9__7_ (sdcrq1)
 13                    2  MASTER    NN    1254  fifo_mem/mem_reg_9__6_ (sdcrq1)
 13                    3  MASTER    NN    1255  fifo_mem/mem_reg_9__5_ (sdcrq1)
 13                    4  MASTER    NN    1256  fifo_mem/mem_reg_9__4_ (sdcrq1)
 13                    5  MASTER    NN    1257  fifo_mem/mem_reg_9__3_ (sdcrq1)
 13                    6  MASTER    NN    1258  fifo_mem/mem_reg_9__2_ (sdcrq1)
 14                    0  MASTER    NN    1261  fifo_mem/mem_reg_10__7_ (sdcrq1)
 14                    1  MASTER    NN    1262  fifo_mem/mem_reg_10__6_ (sdcrq1)
 14                    2  MASTER    NN    1263  fifo_mem/mem_reg_10__5_ (sdcrq1)
 14                    3  MASTER    NN    1264  fifo_mem/mem_reg_10__4_ (sdcrq1)
 14                    4  MASTER    NN    1265  fifo_mem/mem_reg_10__3_ (sdcrq1)
 14                    5  MASTER    NN    1266  fifo_mem/mem_reg_10__2_ (sdcrq1)
 14                    6  MASTER    NN    1267  fifo_mem/mem_reg_10__1_ (sdcrq1)
 15                    0  MASTER    NN    1270  fifo_mem/mem_reg_11__6_ (sdcrq1)
 15                    1  MASTER    NN    1271  fifo_mem/mem_reg_11__5_ (sdcrq1)
 15                    2  MASTER    NN    1272  fifo_mem/mem_reg_11__4_ (sdcrq1)
 15                    3  MASTER    NN    1273  fifo_mem/mem_reg_11__3_ (sdcrq1)
 15                    4  MASTER    NN    1274  fifo_mem/mem_reg_11__2_ (sdcrq1)
 15                    5  MASTER    NN    1275  fifo_mem/mem_reg_11__1_ (sdcrq1)
 15                    6  MASTER    NN    1276  fifo_mem/mem_reg_11__0_ (sdcrq1)
 16                    0  MASTER    NN    1279  fifo_mem/mem_reg_12__5_ (sdcrq1)
 16                    1  MASTER    NN    1280  fifo_mem/mem_reg_12__4_ (sdcrq1)
 16                    2  MASTER    NN    1281  fifo_mem/mem_reg_12__3_ (sdcrq1)
 16                    3  MASTER    NN    1282  fifo_mem/mem_reg_12__2_ (sdcrq1)
 16                    4  MASTER    NN    1283  fifo_mem/mem_reg_12__1_ (sdcrq1)
 16                    5  MASTER    NN    1284  fifo_mem/mem_reg_12__0_ (sdcrq1)
 16                    6  MASTER    NN    1269  fifo_mem/mem_reg_11__7_ (sdcrq1)
 17                    0  MASTER    NN    1288  fifo_mem/mem_reg_13__4_ (sdcrq1)
 17                    1  MASTER    NN    1289  fifo_mem/mem_reg_13__3_ (sdcrq1)
 17                    2  MASTER    NN    1290  fifo_mem/mem_reg_13__2_ (sdcrq1)
 17                    3  MASTER    NN    1291  fifo_mem/mem_reg_13__1_ (sdcrq1)
 17                    4  MASTER    NN    1292  fifo_mem/mem_reg_13__0_ (sdcrq1)
 17                    5  MASTER    NN    1277  fifo_mem/mem_reg_12__7_ (sdcrq1)
 17                    6  MASTER    NN    1278  fifo_mem/mem_reg_12__6_ (sdcrq1)
 18                    0  MASTER    NN    1297  fifo_mem/mem_reg_14__3_ (sdcrq1)
 18                    1  MASTER    NN    1298  fifo_mem/mem_reg_14__2_ (sdcrq1)
 18                    2  MASTER    NN    1299  fifo_mem/mem_reg_14__1_ (sdcrq1)
 18                    3  MASTER    NN    1300  fifo_mem/mem_reg_14__0_ (sdcrq1)
 18                    4  MASTER    NN    1285  fifo_mem/mem_reg_13__7_ (sdcrq1)
 18                    5  MASTER    NN    1286  fifo_mem/mem_reg_13__6_ (sdcrq1)
 18                    6  MASTER    NN    1287  fifo_mem/mem_reg_13__5_ (sdcrq1)
 19                    0  MASTER    NN    1306  fifo_mem/mem_reg_15__2_ (sdcrq1)
 19                    1  MASTER    NN    1307  fifo_mem/mem_reg_15__1_ (sdcrq1)
 19                    2  MASTER    NN    1308  fifo_mem/mem_reg_15__0_ (sdcrq1)
 19                    3  MASTER    NN    1293  fifo_mem/mem_reg_14__7_ (sdcrq1)
 19                    4  MASTER    NN    1294  fifo_mem/mem_reg_14__6_ (sdcrq1)
 19                    5  MASTER    NN    1295  fifo_mem/mem_reg_14__5_ (sdcrq1)
 19                    6  MASTER    NN    1296  fifo_mem/mem_reg_14__4_ (sdcrq1)
 20                    0  MASTER    NN    1151  rptr_empty_near_empty_reg (sdcrq1)
 20                    1  MASTER    NN    1150  rptr_empty_empty_reg (sdprb1)
 20                    2  MASTER    NN    1301  fifo_mem/mem_reg_15__7_ (sdcrq1)
 20                    3  MASTER    NN    1302  fifo_mem/mem_reg_15__6_ (sdcrq1)
 20                    4  MASTER    NN    1303  fifo_mem/mem_reg_15__5_ (sdcrq1)
 20                    5  MASTER    NN    1304  fifo_mem/mem_reg_15__4_ (sdcrq1)
 20                    6  MASTER    NN    1305  fifo_mem/mem_reg_15__3_ (sdcrq1)
 21                    0  MASTER    NN    1145  rptr_empty_rptr_reg_1_ (sdcrq1)
 21                    1  MASTER    NN    1144  rptr_empty_rptr_reg_0_ (sdcrq1)
 21                    2  MASTER    NN    1149  rptr_empty_rbin_reg_4_ (sdcrq1)
 21                    3  MASTER    NN    1148  rptr_empty_rbin_reg_3_ (sdcrq1)
 21                    4  MASTER    NN    1309  rptr_empty_rbin_reg_2_ (sdcrq2)
 21                    5  MASTER    NN    1156  rptr_empty_rbin_reg_1_ (sdcrq1)
 21                    6  MASTER    NN    1155  rptr_empty_rbin_reg_0_ (sdcrq2)
 22                    0  MASTER    NN    1162  sync_rst_r/dff2_reg (sdcrq1)
 22                    1  MASTER    NN    1161  sync_rst_r/dff1_reg (sdcrq1)
 22                    2  MASTER    NN    1163  sync_r2w/temp_reg_4_ (sdcrq1)
 22                    3  MASTER    NN    1164  sync_r2w/temp_reg_3_ (sdcrq1)
 22                    4  MASTER    NN    1152  rptr_empty_under_flow_reg (sdcrq1)
 22                    5  MASTER    NN    1147  rptr_empty_rptr_reg_3_ (sdcrq1)
 22                    6  MASTER    NN    1146  rptr_empty_rptr_reg_2_ (sdcrq1)
 23                    0  MASTER    NN    1140  wptr_full_wbin_reg_1_ (sdcrq1)
 23                    1  MASTER    NN    1139  wptr_full_wbin_reg_0_ (sdcrq1)
 23                    2  MASTER    NN    1153  wptr_full_over_flow_reg (sdcrq1)
 23                    3  MASTER    NN    1311  wptr_full_near_full_reg (sdcrq1)
 23                    4  MASTER    NN    1154  wptr_full_full_reg (sdcrq1)
 23                    5  MASTER    NN    1160  sync_rst_w/dff2_reg (sdcrq1)
 23                    6  MASTER    NN    1159  sync_rst_w/dff1_reg (sdcrq1)
 24                    0  MASTER    NN    1138  wptr_full_wptr_reg_3_ (sdcrq1)
 24                    1  MASTER    NN    1137  wptr_full_wptr_reg_2_ (sdcrq1)
 24                    2  MASTER    NN    1136  wptr_full_wptr_reg_1_ (sdcrq1)
 24                    3  MASTER    NN    1135  wptr_full_wptr_reg_0_ (sdcrq1)
 24                    4  MASTER    NN    1143  wptr_full_wbin_reg_4_ (sdcrq1)
 24                    5  MASTER    NN    1142  wptr_full_wbin_reg_3_ (sdcrq1)
 24                    6  MASTER    NN    1141  wptr_full_wbin_reg_2_ (sdcrq1)
